2026-09-14 22:58:02,185 INFO [easypharma] ✓ Database migrations completed successfully
2026-09-14 22:58:59,000 INFO [easypharma.middleware] Request to view=easypharma.views.sales.view method=GET path=/pos/ user=pharmacy tenant=unique_med_pusad
2026-09-14 22:58:59,612 INFO [easypharma.middleware] Request to view=easypharma.views.purchase.view method=GET path=/api/suppliers/search/ user=pharmacy tenant=unique_med_pusad
2026-09-14 22:58:59,612 INFO [easypharma.middleware] Request to view=easypharma.views.sales.view method=GET path=/api/products/search/ user=pharmacy tenant=unique_med_pusad
2026-09-14 22:58:59,651 INFO [easypharma.middleware] Request to view=easypharma.views.sales.view method=GET path=/api/products/search/ user=pharmacy tenant=unique_med_pusad
2026-09-14 22:59:00,715 INFO [easypharma.middleware] Request to view=easypharma.views.master.view method=GET path=/api/products/master-search/ user=pharmacy tenant=unique_med_pusad
2026-09-14 22:59:01,677 INFO [easypharma.middleware] Request to view=easypharma.views.utility.view method=GET path=/sw.js user=pharmacy tenant=unique_med_pusad
2026-09-14 22:59:08,229 INFO [easypharma.middleware] Request to view=easypharma.views.sales.view method=GET path=/pos/ user=pharmacy tenant=unique_med_pusad
2026-09-14 22:59:09,231 INFO [easypharma.middleware] Request to view=easypharma.views.sales.view method=GET path=/pos/ user=pharmacy tenant=unique_med_pusad
2026-09-14 22:59:11,435 INFO [easypharma.middleware] Request to view=easypharma.views.utility.view method=GET path=/sw.js user=pharmacy tenant=unique_med_pusad
2026-09-14 23:00:09,592 INFO [easypharma.middleware] Request to view=easypharma.views.utility.view method=GET path=/sw.js user=pharmacy tenant=unique_med_pusad
2026-09-14 23:01:09,600 INFO [easypharma.middleware] Request to view=easypharma.views.utility.view method=GET path=/sw.js user=pharmacy tenant=unique_med_pusad
2026-09-14 23:01:37,720 INFO [easypharma.middleware] Request to view=easypharma.views.sales.view method=GET path=/pos/ user=pharmacy tenant=unique_med_pusad
2026-09-14 23:01:38,095 INFO [easypharma.middleware] Request to view=easypharma.views.sales.view method=GET path=/api/products/search/ user=pharmacy tenant=unique_med_pusad
2026-09-14 23:01:39,828 INFO [easypharma.middleware] Request to view=easypharma.views.utility.view method=GET path=/sw.js user=pharmacy tenant=unique_med_pusad
2026-09-14 23:01:42,956 INFO [easypharma.middleware] Request to view=easypharma.views.sales.view method=GET path=/pos/ user=pharmacy tenant=unique_med_pusad
2026-09-14 23:01:43,118 INFO [easypharma.middleware] Request to view=easypharma.views.sales.view method=GET path=/pos/ user=pharmacy tenant=unique_med_pusad
2026-09-14 23:01:43,289 INFO [easypharma.middleware] Request to view=easypharma.views.sales.view method=GET path=/pos/ user=pharmacy tenant=unique_med_pusad
2026-09-14 23:01:43,691 INFO [easypharma.middleware] Request to view=easypharma.views.sales.view method=GET path=/api/products/search/ user=pharmacy tenant=unique_med_pusad
2026-09-14 23:01:45,596 INFO [easypharma.middleware] Request to view=easypharma.views.sales.view method=GET path=/api/products/search/ user=pharmacy tenant=unique_med_pusad
2026-09-14 23:02:07,008 INFO [easypharma.middleware] Request to view=easypharma.views.sales.view method=GET path=/pos/list/ user=pharmacy tenant=unique_med_pusad
2026-09-14 23:02:08,968 INFO [easypharma.middleware] Request to view=easypharma.views.utility.view method=GET path=/sw.js user=pharmacy tenant=unique_med_pusad
2026-09-14 23:02:09,964 INFO [easypharma.middleware] Request to view=easypharma.views.sales.view method=GET path=/pos/edit/115/ user=pharmacy tenant=unique_med_pusad
2026-09-14 23:02:10,005 ERROR [easypharma.middleware] Exception in request path=/pos/edit/115/ user=pharmacy tenant=unique_med_pusad error=Reverse for 'sale_list' not found. 'sale_list' is not a valid view function or pattern name.
Traceback (most recent call last):
  File "D:\easy-pharma\env\Lib\site-packages\django\core\handlers\base.py", line 197, in _get_response
    response = wrapped_callback(request, *callback_args, **callback_kwargs)
               ^^^^^^^^^^^^^^^^^^^^^^^^^^^^^^^^^^^^^^^^^^^^^^^^^^^^^^^^^^^^
  File "D:\easy-pharma\env\Lib\site-packages\django\views\generic\base.py", line 105, in view
    return self.dispatch(request, *args, **kwargs)
           ^^^^^^^^^^^^^^^^^^^^^^^^^^^^^^^^^^^^^^^
  File "D:\easy-pharma\env\Lib\site-packages\django\contrib\auth\mixins.py", line 73, in dispatch
    return super().dispatch(request, *args, **kwargs)
           ^^^^^^^^^^^^^^^^^^^^^^^^^^^^^^^^^^^^^^^^^^
  File "D:\easy-pharma\env\Lib\site-packages\django\views\generic\base.py", line 144, in dispatch
    return handler(request, *args, **kwargs)
           ^^^^^^^^^^^^^^^^^^^^^^^^^^^^^^^^^
  File "D:\easy-pharma\pharmaProject\easypharma\views\sales.py", line 134, in get
    return render(request, self.template_name, {
           ^^^^^^^^^^^^^^^^^^^^^^^^^^^^^^^^^^^^^
  File "D:\easy-pharma\env\Lib\site-packages\django\shortcuts.py", line 25, in render
    content = loader.render_to_string(template_name, context, request, using=using)
              ^^^^^^^^^^^^^^^^^^^^^^^^^^^^^^^^^^^^^^^^^^^^^^^^^^^^^^^^^^^^^^^^^^^^^
  File "D:\easy-pharma\env\Lib\site-packages\django\template\loader.py", line 62, in render_to_string
    return template.render(context, request)
           ^^^^^^^^^^^^^^^^^^^^^^^^^^^^^^^^^
  File "D:\easy-pharma\env\Lib\site-packages\django\template\backends\django.py", line 107, in render
    return self.template.render(context)
           ^^^^^^^^^^^^^^^^^^^^^^^^^^^^^
  File "D:\easy-pharma\env\Lib\site-packages\django\template\base.py", line 171, in render
    return self._render(context)
           ^^^^^^^^^^^^^^^^^^^^^
  File "D:\easy-pharma\env\Lib\site-packages\django\template\base.py", line 163, in _render
    return self.nodelist.render(context)
           ^^^^^^^^^^^^^^^^^^^^^^^^^^^^^
  File "D:\easy-pharma\env\Lib\site-packages\django\template\base.py", line 1016, in render
    return SafeString("".join([node.render_annotated(context) for node in self]))
                               ^^^^^^^^^^^^^^^^^^^^^^^^^^^^^^
  File "D:\easy-pharma\env\Lib\site-packages\django\template\base.py", line 977, in render_annotated
    return self.render(context)
           ^^^^^^^^^^^^^^^^^^^^
  File "D:\easy-pharma\env\Lib\site-packages\django\template\loader_tags.py", line 159, in render
    return compiled_parent._render(context)
           ^^^^^^^^^^^^^^^^^^^^^^^^^^^^^^^^
  File "D:\easy-pharma\env\Lib\site-packages\django\template\base.py", line 163, in _render
    return self.nodelist.render(context)
           ^^^^^^^^^^^^^^^^^^^^^^^^^^^^^
  File "D:\easy-pharma\env\Lib\site-packages\django\template\base.py", line 1016, in render
    return SafeString("".join([node.render_annotated(context) for node in self]))
                               ^^^^^^^^^^^^^^^^^^^^^^^^^^^^^^
  File "D:\easy-pharma\env\Lib\site-packages\django\template\base.py", line 977, in render_annotated
    return self.render(context)
           ^^^^^^^^^^^^^^^^^^^^
  File "D:\easy-pharma\env\Lib\site-packages\django\template\loader_tags.py", line 65, in render
    result = block.nodelist.render(context)
             ^^^^^^^^^^^^^^^^^^^^^^^^^^^^^^
  File "D:\easy-pharma\env\Lib\site-packages\django\template\base.py", line 1016, in render
    return SafeString("".join([node.render_annotated(context) for node in self]))
                               ^^^^^^^^^^^^^^^^^^^^^^^^^^^^^^
  File "D:\easy-pharma\env\Lib\site-packages\django\template\base.py", line 977, in render_annotated
    return self.render(context)
           ^^^^^^^^^^^^^^^^^^^^
  File "D:\easy-pharma\env\Lib\site-packages\django\template\defaulttags.py", line 327, in render
    return nodelist.render(context)
           ^^^^^^^^^^^^^^^^^^^^^^^^
  File "D:\easy-pharma\env\Lib\site-packages\django\template\base.py", line 1016, in render
    return SafeString("".join([node.render_annotated(context) for node in self]))
                               ^^^^^^^^^^^^^^^^^^^^^^^^^^^^^^
  File "D:\easy-pharma\env\Lib\site-packages\django\template\base.py", line 977, in render_annotated
    return self.render(context)
           ^^^^^^^^^^^^^^^^^^^^
  File "D:\easy-pharma\env\Lib\site-packages\django\template\defaulttags.py", line 480, in render
    url = reverse(view_name, args=args, kwargs=kwargs, current_app=current_app)
          ^^^^^^^^^^^^^^^^^^^^^^^^^^^^^^^^^^^^^^^^^^^^^^^^^^^^^^^^^^^^^^^^^^^^^
  File "D:\easy-pharma\env\Lib\site-packages\django\urls\base.py", line 98, in reverse
    resolved_url = resolver._reverse_with_prefix(view, prefix, *args, **kwargs)
                   ^^^^^^^^^^^^^^^^^^^^^^^^^^^^^^^^^^^^^^^^^^^^^^^^^^^^^^^^^^^^
  File "D:\easy-pharma\env\Lib\site-packages\django\urls\resolvers.py", line 831, in _reverse_with_prefix
    raise NoReverseMatch(msg)
django.urls.exceptions.NoReverseMatch: Reverse for 'sale_list' not found. 'sale_list' is not a valid view function or pattern name.
2026-09-14 23:02:10,081 INFO [easypharma.middleware] Request to view=easypharma.views.sales.view method=GET path=/api/products/search/ user=pharmacy tenant=unique_med_pusad
2026-09-14 23:02:10,263 INFO [easypharma.middleware] Request to view=easypharma.views.sales.view method=GET path=/api/products/search/ user=pharmacy tenant=unique_med_pusad
2026-09-14 23:02:10,462 ERROR [django.request] Internal Server Error: /pos/edit/115/
Traceback (most recent call last):
  File "D:\easy-pharma\env\Lib\site-packages\django\core\handlers\exception.py", line 55, in inner
    response = get_response(request)
               ^^^^^^^^^^^^^^^^^^^^^
  File "D:\easy-pharma\env\Lib\site-packages\django\core\handlers\base.py", line 197, in _get_response
    response = wrapped_callback(request, *callback_args, **callback_kwargs)
               ^^^^^^^^^^^^^^^^^^^^^^^^^^^^^^^^^^^^^^^^^^^^^^^^^^^^^^^^^^^^
  File "D:\easy-pharma\env\Lib\site-packages\django\views\generic\base.py", line 105, in view
    return self.dispatch(request, *args, **kwargs)
           ^^^^^^^^^^^^^^^^^^^^^^^^^^^^^^^^^^^^^^^
  File "D:\easy-pharma\env\Lib\site-packages\django\contrib\auth\mixins.py", line 73, in dispatch
    return super().dispatch(request, *args, **kwargs)
           ^^^^^^^^^^^^^^^^^^^^^^^^^^^^^^^^^^^^^^^^^^
  File "D:\easy-pharma\env\Lib\site-packages\django\views\generic\base.py", line 144, in dispatch
    return handler(request, *args, **kwargs)
           ^^^^^^^^^^^^^^^^^^^^^^^^^^^^^^^^^
  File "D:\easy-pharma\pharmaProject\easypharma\views\sales.py", line 134, in get
    return render(request, self.template_name, {
           ^^^^^^^^^^^^^^^^^^^^^^^^^^^^^^^^^^^^^
  File "D:\easy-pharma\env\Lib\site-packages\django\shortcuts.py", line 25, in render
    content = loader.render_to_string(template_name, context, request, using=using)
              ^^^^^^^^^^^^^^^^^^^^^^^^^^^^^^^^^^^^^^^^^^^^^^^^^^^^^^^^^^^^^^^^^^^^^
  File "D:\easy-pharma\env\Lib\site-packages\django\template\loader.py", line 62, in render_to_string
    return template.render(context, request)
           ^^^^^^^^^^^^^^^^^^^^^^^^^^^^^^^^^
  File "D:\easy-pharma\env\Lib\site-packages\django\template\backends\django.py", line 107, in render
    return self.template.render(context)
           ^^^^^^^^^^^^^^^^^^^^^^^^^^^^^
  File "D:\easy-pharma\env\Lib\site-packages\django\template\base.py", line 171, in render
    return self._render(context)
           ^^^^^^^^^^^^^^^^^^^^^
  File "D:\easy-pharma\env\Lib\site-packages\django\template\base.py", line 163, in _render
    return self.nodelist.render(context)
           ^^^^^^^^^^^^^^^^^^^^^^^^^^^^^
  File "D:\easy-pharma\env\Lib\site-packages\django\template\base.py", line 1016, in render
    return SafeString("".join([node.render_annotated(context) for node in self]))
                               ^^^^^^^^^^^^^^^^^^^^^^^^^^^^^^
  File "D:\easy-pharma\env\Lib\site-packages\django\template\base.py", line 977, in render_annotated
    return self.render(context)
           ^^^^^^^^^^^^^^^^^^^^
  File "D:\easy-pharma\env\Lib\site-packages\django\template\loader_tags.py", line 159, in render
    return compiled_parent._render(context)
           ^^^^^^^^^^^^^^^^^^^^^^^^^^^^^^^^
  File "D:\easy-pharma\env\Lib\site-packages\django\template\base.py", line 163, in _render
    return self.nodelist.render(context)
           ^^^^^^^^^^^^^^^^^^^^^^^^^^^^^
  File "D:\easy-pharma\env\Lib\site-packages\django\template\base.py", line 1016, in render
    return SafeString("".join([node.render_annotated(context) for node in self]))
                               ^^^^^^^^^^^^^^^^^^^^^^^^^^^^^^
  File "D:\easy-pharma\env\Lib\site-packages\django\template\base.py", line 977, in render_annotated
    return self.render(context)
           ^^^^^^^^^^^^^^^^^^^^
  File "D:\easy-pharma\env\Lib\site-packages\django\template\loader_tags.py", line 65, in render
    result = block.nodelist.render(context)
             ^^^^^^^^^^^^^^^^^^^^^^^^^^^^^^
  File "D:\easy-pharma\env\Lib\site-packages\django\template\base.py", line 1016, in render
    return SafeString("".join([node.render_annotated(context) for node in self]))
                               ^^^^^^^^^^^^^^^^^^^^^^^^^^^^^^
  File "D:\easy-pharma\env\Lib\site-packages\django\template\base.py", line 977, in render_annotated
    return self.render(context)
           ^^^^^^^^^^^^^^^^^^^^
  File "D:\easy-pharma\env\Lib\site-packages\django\template\defaulttags.py", line 327, in render
    return nodelist.render(context)
           ^^^^^^^^^^^^^^^^^^^^^^^^
  File "D:\easy-pharma\env\Lib\site-packages\django\template\base.py", line 1016, in render
    return SafeString("".join([node.render_annotated(context) for node in self]))
                               ^^^^^^^^^^^^^^^^^^^^^^^^^^^^^^
  File "D:\easy-pharma\env\Lib\site-packages\django\template\base.py", line 977, in render_annotated
    return self.render(context)
           ^^^^^^^^^^^^^^^^^^^^
  File "D:\easy-pharma\env\Lib\site-packages\django\template\defaulttags.py", line 480, in render
    url = reverse(view_name, args=args, kwargs=kwargs, current_app=current_app)
          ^^^^^^^^^^^^^^^^^^^^^^^^^^^^^^^^^^^^^^^^^^^^^^^^^^^^^^^^^^^^^^^^^^^^^
  File "D:\easy-pharma\env\Lib\site-packages\django\urls\base.py", line 98, in reverse
    resolved_url = resolver._reverse_with_prefix(view, prefix, *args, **kwargs)
                   ^^^^^^^^^^^^^^^^^^^^^^^^^^^^^^^^^^^^^^^^^^^^^^^^^^^^^^^^^^^^
  File "D:\easy-pharma\env\Lib\site-packages\django\urls\resolvers.py", line 831, in _reverse_with_prefix
    raise NoReverseMatch(msg)
django.urls.exceptions.NoReverseMatch: Reverse for 'sale_list' not found. 'sale_list' is not a valid view function or pattern name.
2026-09-14 23:02:11,865 INFO [easypharma.middleware] Request to view=easypharma.views.utility.view method=GET path=/sw.js user=pharmacy tenant=unique_med_pusad
2026-09-14 23:02:22,259 INFO [easypharma.middleware] Request to view=easypharma.views.sales.view method=GET path=/pos/edit/115/ user=pharmacy tenant=unique_med_pusad
2026-09-14 23:02:22,302 ERROR [easypharma.middleware] Exception in request path=/pos/edit/115/ user=pharmacy tenant=unique_med_pusad error=Reverse for 'sale_list' not found. 'sale_list' is not a valid view function or pattern name.
Traceback (most recent call last):
  File "D:\easy-pharma\env\Lib\site-packages\django\core\handlers\base.py", line 197, in _get_response
    response = wrapped_callback(request, *callback_args, **callback_kwargs)
               ^^^^^^^^^^^^^^^^^^^^^^^^^^^^^^^^^^^^^^^^^^^^^^^^^^^^^^^^^^^^
  File "D:\easy-pharma\env\Lib\site-packages\django\views\generic\base.py", line 105, in view
    return self.dispatch(request, *args, **kwargs)
           ^^^^^^^^^^^^^^^^^^^^^^^^^^^^^^^^^^^^^^^
  File "D:\easy-pharma\env\Lib\site-packages\django\contrib\auth\mixins.py", line 73, in dispatch
    return super().dispatch(request, *args, **kwargs)
           ^^^^^^^^^^^^^^^^^^^^^^^^^^^^^^^^^^^^^^^^^^
  File "D:\easy-pharma\env\Lib\site-packages\django\views\generic\base.py", line 144, in dispatch
    return handler(request, *args, **kwargs)
           ^^^^^^^^^^^^^^^^^^^^^^^^^^^^^^^^^
  File "D:\easy-pharma\pharmaProject\easypharma\views\sales.py", line 134, in get
    return render(request, self.template_name, {
           ^^^^^^^^^^^^^^^^^^^^^^^^^^^^^^^^^^^^^
  File "D:\easy-pharma\env\Lib\site-packages\django\shortcuts.py", line 25, in render
    content = loader.render_to_string(template_name, context, request, using=using)
              ^^^^^^^^^^^^^^^^^^^^^^^^^^^^^^^^^^^^^^^^^^^^^^^^^^^^^^^^^^^^^^^^^^^^^
  File "D:\easy-pharma\env\Lib\site-packages\django\template\loader.py", line 62, in render_to_string
    return template.render(context, request)
           ^^^^^^^^^^^^^^^^^^^^^^^^^^^^^^^^^
  File "D:\easy-pharma\env\Lib\site-packages\django\template\backends\django.py", line 107, in render
    return self.template.render(context)
           ^^^^^^^^^^^^^^^^^^^^^^^^^^^^^
  File "D:\easy-pharma\env\Lib\site-packages\django\template\base.py", line 171, in render
    return self._render(context)
           ^^^^^^^^^^^^^^^^^^^^^
  File "D:\easy-pharma\env\Lib\site-packages\django\template\base.py", line 163, in _render
    return self.nodelist.render(context)
           ^^^^^^^^^^^^^^^^^^^^^^^^^^^^^
  File "D:\easy-pharma\env\Lib\site-packages\django\template\base.py", line 1016, in render
    return SafeString("".join([node.render_annotated(context) for node in self]))
                               ^^^^^^^^^^^^^^^^^^^^^^^^^^^^^^
  File "D:\easy-pharma\env\Lib\site-packages\django\template\base.py", line 977, in render_annotated
    return self.render(context)
           ^^^^^^^^^^^^^^^^^^^^
  File "D:\easy-pharma\env\Lib\site-packages\django\template\loader_tags.py", line 159, in render
    return compiled_parent._render(context)
           ^^^^^^^^^^^^^^^^^^^^^^^^^^^^^^^^
  File "D:\easy-pharma\env\Lib\site-packages\django\template\base.py", line 163, in _render
    return self.nodelist.render(context)
           ^^^^^^^^^^^^^^^^^^^^^^^^^^^^^
  File "D:\easy-pharma\env\Lib\site-packages\django\template\base.py", line 1016, in render
    return SafeString("".join([node.render_annotated(context) for node in self]))
                               ^^^^^^^^^^^^^^^^^^^^^^^^^^^^^^
  File "D:\easy-pharma\env\Lib\site-packages\django\template\base.py", line 977, in render_annotated
    return self.render(context)
           ^^^^^^^^^^^^^^^^^^^^
  File "D:\easy-pharma\env\Lib\site-packages\django\template\loader_tags.py", line 65, in render
    result = block.nodelist.render(context)
             ^^^^^^^^^^^^^^^^^^^^^^^^^^^^^^
  File "D:\easy-pharma\env\Lib\site-packages\django\template\base.py", line 1016, in render
    return SafeString("".join([node.render_annotated(context) for node in self]))
                               ^^^^^^^^^^^^^^^^^^^^^^^^^^^^^^
  File "D:\easy-pharma\env\Lib\site-packages\django\template\base.py", line 977, in render_annotated
    return self.render(context)
           ^^^^^^^^^^^^^^^^^^^^
  File "D:\easy-pharma\env\Lib\site-packages\django\template\defaulttags.py", line 327, in render
    return nodelist.render(context)
           ^^^^^^^^^^^^^^^^^^^^^^^^
  File "D:\easy-pharma\env\Lib\site-packages\django\template\base.py", line 1016, in render
    return SafeString("".join([node.render_annotated(context) for node in self]))
                               ^^^^^^^^^^^^^^^^^^^^^^^^^^^^^^
  File "D:\easy-pharma\env\Lib\site-packages\django\template\base.py", line 977, in render_annotated
    return self.render(context)
           ^^^^^^^^^^^^^^^^^^^^
  File "D:\easy-pharma\env\Lib\site-packages\django\template\defaulttags.py", line 480, in render
    url = reverse(view_name, args=args, kwargs=kwargs, current_app=current_app)
          ^^^^^^^^^^^^^^^^^^^^^^^^^^^^^^^^^^^^^^^^^^^^^^^^^^^^^^^^^^^^^^^^^^^^^
  File "D:\easy-pharma\env\Lib\site-packages\django\urls\base.py", line 98, in reverse
    resolved_url = resolver._reverse_with_prefix(view, prefix, *args, **kwargs)
                   ^^^^^^^^^^^^^^^^^^^^^^^^^^^^^^^^^^^^^^^^^^^^^^^^^^^^^^^^^^^^
  File "D:\easy-pharma\env\Lib\site-packages\django\urls\resolvers.py", line 831, in _reverse_with_prefix
    raise NoReverseMatch(msg)
django.urls.exceptions.NoReverseMatch: Reverse for 'sale_list' not found. 'sale_list' is not a valid view function or pattern name.
2026-09-14 23:02:22,453 ERROR [django.request] Internal Server Error: /pos/edit/115/
Traceback (most recent call last):
  File "D:\easy-pharma\env\Lib\site-packages\django\core\handlers\exception.py", line 55, in inner
    response = get_response(request)
               ^^^^^^^^^^^^^^^^^^^^^
  File "D:\easy-pharma\env\Lib\site-packages\django\core\handlers\base.py", line 197, in _get_response
    response = wrapped_callback(request, *callback_args, **callback_kwargs)
               ^^^^^^^^^^^^^^^^^^^^^^^^^^^^^^^^^^^^^^^^^^^^^^^^^^^^^^^^^^^^
  File "D:\easy-pharma\env\Lib\site-packages\django\views\generic\base.py", line 105, in view
    return self.dispatch(request, *args, **kwargs)
           ^^^^^^^^^^^^^^^^^^^^^^^^^^^^^^^^^^^^^^^
  File "D:\easy-pharma\env\Lib\site-packages\django\contrib\auth\mixins.py", line 73, in dispatch
    return super().dispatch(request, *args, **kwargs)
           ^^^^^^^^^^^^^^^^^^^^^^^^^^^^^^^^^^^^^^^^^^
  File "D:\easy-pharma\env\Lib\site-packages\django\views\generic\base.py", line 144, in dispatch
    return handler(request, *args, **kwargs)
           ^^^^^^^^^^^^^^^^^^^^^^^^^^^^^^^^^
  File "D:\easy-pharma\pharmaProject\easypharma\views\sales.py", line 134, in get
    return render(request, self.template_name, {
           ^^^^^^^^^^^^^^^^^^^^^^^^^^^^^^^^^^^^^
  File "D:\easy-pharma\env\Lib\site-packages\django\shortcuts.py", line 25, in render
    content = loader.render_to_string(template_name, context, request, using=using)
              ^^^^^^^^^^^^^^^^^^^^^^^^^^^^^^^^^^^^^^^^^^^^^^^^^^^^^^^^^^^^^^^^^^^^^
  File "D:\easy-pharma\env\Lib\site-packages\django\template\loader.py", line 62, in render_to_string
    return template.render(context, request)
           ^^^^^^^^^^^^^^^^^^^^^^^^^^^^^^^^^
  File "D:\easy-pharma\env\Lib\site-packages\django\template\backends\django.py", line 107, in render
    return self.template.render(context)
           ^^^^^^^^^^^^^^^^^^^^^^^^^^^^^
  File "D:\easy-pharma\env\Lib\site-packages\django\template\base.py", line 171, in render
    return self._render(context)
           ^^^^^^^^^^^^^^^^^^^^^
  File "D:\easy-pharma\env\Lib\site-packages\django\template\base.py", line 163, in _render
    return self.nodelist.render(context)
           ^^^^^^^^^^^^^^^^^^^^^^^^^^^^^
  File "D:\easy-pharma\env\Lib\site-packages\django\template\base.py", line 1016, in render
    return SafeString("".join([node.render_annotated(context) for node in self]))
                               ^^^^^^^^^^^^^^^^^^^^^^^^^^^^^^
  File "D:\easy-pharma\env\Lib\site-packages\django\template\base.py", line 977, in render_annotated
    return self.render(context)
           ^^^^^^^^^^^^^^^^^^^^
  File "D:\easy-pharma\env\Lib\site-packages\django\template\loader_tags.py", line 159, in render
    return compiled_parent._render(context)
           ^^^^^^^^^^^^^^^^^^^^^^^^^^^^^^^^
  File "D:\easy-pharma\env\Lib\site-packages\django\template\base.py", line 163, in _render
    return self.nodelist.render(context)
           ^^^^^^^^^^^^^^^^^^^^^^^^^^^^^
  File "D:\easy-pharma\env\Lib\site-packages\django\template\base.py", line 1016, in render
    return SafeString("".join([node.render_annotated(context) for node in self]))
                               ^^^^^^^^^^^^^^^^^^^^^^^^^^^^^^
  File "D:\easy-pharma\env\Lib\site-packages\django\template\base.py", line 977, in render_annotated
    return self.render(context)
           ^^^^^^^^^^^^^^^^^^^^
  File "D:\easy-pharma\env\Lib\site-packages\django\template\loader_tags.py", line 65, in render
    result = block.nodelist.render(context)
             ^^^^^^^^^^^^^^^^^^^^^^^^^^^^^^
  File "D:\easy-pharma\env\Lib\site-packages\django\template\base.py", line 1016, in render
    return SafeString("".join([node.render_annotated(context) for node in self]))
                               ^^^^^^^^^^^^^^^^^^^^^^^^^^^^^^
  File "D:\easy-pharma\env\Lib\site-packages\django\template\base.py", line 977, in render_annotated
    return self.render(context)
           ^^^^^^^^^^^^^^^^^^^^
  File "D:\easy-pharma\env\Lib\site-packages\django\template\defaulttags.py", line 327, in render
    return nodelist.render(context)
           ^^^^^^^^^^^^^^^^^^^^^^^^
  File "D:\easy-pharma\env\Lib\site-packages\django\template\base.py", line 1016, in render
    return SafeString("".join([node.render_annotated(context) for node in self]))
                               ^^^^^^^^^^^^^^^^^^^^^^^^^^^^^^
  File "D:\easy-pharma\env\Lib\site-packages\django\template\base.py", line 977, in render_annotated
    return self.render(context)
           ^^^^^^^^^^^^^^^^^^^^
  File "D:\easy-pharma\env\Lib\site-packages\django\template\defaulttags.py", line 480, in render
    url = reverse(view_name, args=args, kwargs=kwargs, current_app=current_app)
          ^^^^^^^^^^^^^^^^^^^^^^^^^^^^^^^^^^^^^^^^^^^^^^^^^^^^^^^^^^^^^^^^^^^^^
  File "D:\easy-pharma\env\Lib\site-packages\django\urls\base.py", line 98, in reverse
    resolved_url = resolver._reverse_with_prefix(view, prefix, *args, **kwargs)
                   ^^^^^^^^^^^^^^^^^^^^^^^^^^^^^^^^^^^^^^^^^^^^^^^^^^^^^^^^^^^^
  File "D:\easy-pharma\env\Lib\site-packages\django\urls\resolvers.py", line 831, in _reverse_with_prefix
    raise NoReverseMatch(msg)
django.urls.exceptions.NoReverseMatch: Reverse for 'sale_list' not found. 'sale_list' is not a valid view function or pattern name.
2026-09-14 23:02:22,458 INFO [easypharma.middleware] Request to view=easypharma.views.sales.view method=GET path=/api/products/search/ user=pharmacy tenant=unique_med_pusad
2026-09-14 23:02:22,492 INFO [easypharma.middleware] Request to view=easypharma.views.sales.view method=GET path=/api/products/search/ user=pharmacy tenant=unique_med_pusad
2026-09-14 23:02:24,233 INFO [easypharma.middleware] Request to view=easypharma.views.utility.view method=GET path=/sw.js user=pharmacy tenant=unique_med_pusad
2026-09-14 23:02:26,977 INFO [easypharma.middleware] Request to view=easypharma.views.sales.view method=GET path=/pos/edit/115/ user=pharmacy tenant=unique_med_pusad
2026-09-14 23:02:27,011 ERROR [easypharma.middleware] Exception in request path=/pos/edit/115/ user=pharmacy tenant=unique_med_pusad error=Reverse for 'sale_list' not found. 'sale_list' is not a valid view function or pattern name.
Traceback (most recent call last):
  File "D:\easy-pharma\env\Lib\site-packages\django\core\handlers\base.py", line 197, in _get_response
    response = wrapped_callback(request, *callback_args, **callback_kwargs)
               ^^^^^^^^^^^^^^^^^^^^^^^^^^^^^^^^^^^^^^^^^^^^^^^^^^^^^^^^^^^^
  File "D:\easy-pharma\env\Lib\site-packages\django\views\generic\base.py", line 105, in view
    return self.dispatch(request, *args, **kwargs)
           ^^^^^^^^^^^^^^^^^^^^^^^^^^^^^^^^^^^^^^^
  File "D:\easy-pharma\env\Lib\site-packages\django\contrib\auth\mixins.py", line 73, in dispatch
    return super().dispatch(request, *args, **kwargs)
           ^^^^^^^^^^^^^^^^^^^^^^^^^^^^^^^^^^^^^^^^^^
  File "D:\easy-pharma\env\Lib\site-packages\django\views\generic\base.py", line 144, in dispatch
    return handler(request, *args, **kwargs)
           ^^^^^^^^^^^^^^^^^^^^^^^^^^^^^^^^^
  File "D:\easy-pharma\pharmaProject\easypharma\views\sales.py", line 134, in get
    return render(request, self.template_name, {
           ^^^^^^^^^^^^^^^^^^^^^^^^^^^^^^^^^^^^^
  File "D:\easy-pharma\env\Lib\site-packages\django\shortcuts.py", line 25, in render
    content = loader.render_to_string(template_name, context, request, using=using)
              ^^^^^^^^^^^^^^^^^^^^^^^^^^^^^^^^^^^^^^^^^^^^^^^^^^^^^^^^^^^^^^^^^^^^^
  File "D:\easy-pharma\env\Lib\site-packages\django\template\loader.py", line 62, in render_to_string
    return template.render(context, request)
           ^^^^^^^^^^^^^^^^^^^^^^^^^^^^^^^^^
  File "D:\easy-pharma\env\Lib\site-packages\django\template\backends\django.py", line 107, in render
    return self.template.render(context)
           ^^^^^^^^^^^^^^^^^^^^^^^^^^^^^
  File "D:\easy-pharma\env\Lib\site-packages\django\template\base.py", line 171, in render
    return self._render(context)
           ^^^^^^^^^^^^^^^^^^^^^
  File "D:\easy-pharma\env\Lib\site-packages\django\template\base.py", line 163, in _render
    return self.nodelist.render(context)
           ^^^^^^^^^^^^^^^^^^^^^^^^^^^^^
  File "D:\easy-pharma\env\Lib\site-packages\django\template\base.py", line 1016, in render
    return SafeString("".join([node.render_annotated(context) for node in self]))
                               ^^^^^^^^^^^^^^^^^^^^^^^^^^^^^^
  File "D:\easy-pharma\env\Lib\site-packages\django\template\base.py", line 977, in render_annotated
    return self.render(context)
           ^^^^^^^^^^^^^^^^^^^^
  File "D:\easy-pharma\env\Lib\site-packages\django\template\loader_tags.py", line 159, in render
    return compiled_parent._render(context)
           ^^^^^^^^^^^^^^^^^^^^^^^^^^^^^^^^
  File "D:\easy-pharma\env\Lib\site-packages\django\template\base.py", line 163, in _render
    return self.nodelist.render(context)
           ^^^^^^^^^^^^^^^^^^^^^^^^^^^^^
  File "D:\easy-pharma\env\Lib\site-packages\django\template\base.py", line 1016, in render
    return SafeString("".join([node.render_annotated(context) for node in self]))
                               ^^^^^^^^^^^^^^^^^^^^^^^^^^^^^^
  File "D:\easy-pharma\env\Lib\site-packages\django\template\base.py", line 977, in render_annotated
    return self.render(context)
           ^^^^^^^^^^^^^^^^^^^^
  File "D:\easy-pharma\env\Lib\site-packages\django\template\loader_tags.py", line 65, in render
    result = block.nodelist.render(context)
             ^^^^^^^^^^^^^^^^^^^^^^^^^^^^^^
  File "D:\easy-pharma\env\Lib\site-packages\django\template\base.py", line 1016, in render
    return SafeString("".join([node.render_annotated(context) for node in self]))
                               ^^^^^^^^^^^^^^^^^^^^^^^^^^^^^^
  File "D:\easy-pharma\env\Lib\site-packages\django\template\base.py", line 977, in render_annotated
    return self.render(context)
           ^^^^^^^^^^^^^^^^^^^^
  File "D:\easy-pharma\env\Lib\site-packages\django\template\defaulttags.py", line 327, in render
    return nodelist.render(context)
           ^^^^^^^^^^^^^^^^^^^^^^^^
  File "D:\easy-pharma\env\Lib\site-packages\django\template\base.py", line 1016, in render
    return SafeString("".join([node.render_annotated(context) for node in self]))
                               ^^^^^^^^^^^^^^^^^^^^^^^^^^^^^^
  File "D:\easy-pharma\env\Lib\site-packages\django\template\base.py", line 977, in render_annotated
    return self.render(context)
           ^^^^^^^^^^^^^^^^^^^^
  File "D:\easy-pharma\env\Lib\site-packages\django\template\defaulttags.py", line 480, in render
    url = reverse(view_name, args=args, kwargs=kwargs, current_app=current_app)
          ^^^^^^^^^^^^^^^^^^^^^^^^^^^^^^^^^^^^^^^^^^^^^^^^^^^^^^^^^^^^^^^^^^^^^
  File "D:\easy-pharma\env\Lib\site-packages\django\urls\base.py", line 98, in reverse
    resolved_url = resolver._reverse_with_prefix(view, prefix, *args, **kwargs)
                   ^^^^^^^^^^^^^^^^^^^^^^^^^^^^^^^^^^^^^^^^^^^^^^^^^^^^^^^^^^^^
  File "D:\easy-pharma\env\Lib\site-packages\django\urls\resolvers.py", line 831, in _reverse_with_prefix
    raise NoReverseMatch(msg)
django.urls.exceptions.NoReverseMatch: Reverse for 'sale_list' not found. 'sale_list' is not a valid view function or pattern name.
2026-09-14 23:02:27,117 ERROR [django.request] Internal Server Error: /pos/edit/115/
Traceback (most recent call last):
  File "D:\easy-pharma\env\Lib\site-packages\django\core\handlers\exception.py", line 55, in inner
    response = get_response(request)
               ^^^^^^^^^^^^^^^^^^^^^
  File "D:\easy-pharma\env\Lib\site-packages\django\core\handlers\base.py", line 197, in _get_response
    response = wrapped_callback(request, *callback_args, **callback_kwargs)
               ^^^^^^^^^^^^^^^^^^^^^^^^^^^^^^^^^^^^^^^^^^^^^^^^^^^^^^^^^^^^
  File "D:\easy-pharma\env\Lib\site-packages\django\views\generic\base.py", line 105, in view
    return self.dispatch(request, *args, **kwargs)
           ^^^^^^^^^^^^^^^^^^^^^^^^^^^^^^^^^^^^^^^
  File "D:\easy-pharma\env\Lib\site-packages\django\contrib\auth\mixins.py", line 73, in dispatch
    return super().dispatch(request, *args, **kwargs)
           ^^^^^^^^^^^^^^^^^^^^^^^^^^^^^^^^^^^^^^^^^^
  File "D:\easy-pharma\env\Lib\site-packages\django\views\generic\base.py", line 144, in dispatch
    return handler(request, *args, **kwargs)
           ^^^^^^^^^^^^^^^^^^^^^^^^^^^^^^^^^
  File "D:\easy-pharma\pharmaProject\easypharma\views\sales.py", line 134, in get
    return render(request, self.template_name, {
           ^^^^^^^^^^^^^^^^^^^^^^^^^^^^^^^^^^^^^
  File "D:\easy-pharma\env\Lib\site-packages\django\shortcuts.py", line 25, in render
    content = loader.render_to_string(template_name, context, request, using=using)
              ^^^^^^^^^^^^^^^^^^^^^^^^^^^^^^^^^^^^^^^^^^^^^^^^^^^^^^^^^^^^^^^^^^^^^
  File "D:\easy-pharma\env\Lib\site-packages\django\template\loader.py", line 62, in render_to_string
    return template.render(context, request)
           ^^^^^^^^^^^^^^^^^^^^^^^^^^^^^^^^^
  File "D:\easy-pharma\env\Lib\site-packages\django\template\backends\django.py", line 107, in render
    return self.template.render(context)
           ^^^^^^^^^^^^^^^^^^^^^^^^^^^^^
  File "D:\easy-pharma\env\Lib\site-packages\django\template\base.py", line 171, in render
    return self._render(context)
           ^^^^^^^^^^^^^^^^^^^^^
  File "D:\easy-pharma\env\Lib\site-packages\django\template\base.py", line 163, in _render
    return self.nodelist.render(context)
           ^^^^^^^^^^^^^^^^^^^^^^^^^^^^^
  File "D:\easy-pharma\env\Lib\site-packages\django\template\base.py", line 1016, in render
    return SafeString("".join([node.render_annotated(context) for node in self]))
                               ^^^^^^^^^^^^^^^^^^^^^^^^^^^^^^
  File "D:\easy-pharma\env\Lib\site-packages\django\template\base.py", line 977, in render_annotated
    return self.render(context)
           ^^^^^^^^^^^^^^^^^^^^
  File "D:\easy-pharma\env\Lib\site-packages\django\template\loader_tags.py", line 159, in render
    return compiled_parent._render(context)
           ^^^^^^^^^^^^^^^^^^^^^^^^^^^^^^^^
  File "D:\easy-pharma\env\Lib\site-packages\django\template\base.py", line 163, in _render
    return self.nodelist.render(context)
           ^^^^^^^^^^^^^^^^^^^^^^^^^^^^^
  File "D:\easy-pharma\env\Lib\site-packages\django\template\base.py", line 1016, in render
    return SafeString("".join([node.render_annotated(context) for node in self]))
                               ^^^^^^^^^^^^^^^^^^^^^^^^^^^^^^
  File "D:\easy-pharma\env\Lib\site-packages\django\template\base.py", line 977, in render_annotated
    return self.render(context)
           ^^^^^^^^^^^^^^^^^^^^
  File "D:\easy-pharma\env\Lib\site-packages\django\template\loader_tags.py", line 65, in render
    result = block.nodelist.render(context)
             ^^^^^^^^^^^^^^^^^^^^^^^^^^^^^^
  File "D:\easy-pharma\env\Lib\site-packages\django\template\base.py", line 1016, in render
    return SafeString("".join([node.render_annotated(context) for node in self]))
                               ^^^^^^^^^^^^^^^^^^^^^^^^^^^^^^
  File "D:\easy-pharma\env\Lib\site-packages\django\template\base.py", line 977, in render_annotated
    return self.render(context)
           ^^^^^^^^^^^^^^^^^^^^
  File "D:\easy-pharma\env\Lib\site-packages\django\template\defaulttags.py", line 327, in render
    return nodelist.render(context)
           ^^^^^^^^^^^^^^^^^^^^^^^^
  File "D:\easy-pharma\env\Lib\site-packages\django\template\base.py", line 1016, in render
    return SafeString("".join([node.render_annotated(context) for node in self]))
                               ^^^^^^^^^^^^^^^^^^^^^^^^^^^^^^
  File "D:\easy-pharma\env\Lib\site-packages\django\template\base.py", line 977, in render_annotated
    return self.render(context)
           ^^^^^^^^^^^^^^^^^^^^
  File "D:\easy-pharma\env\Lib\site-packages\django\template\defaulttags.py", line 480, in render
    url = reverse(view_name, args=args, kwargs=kwargs, current_app=current_app)
          ^^^^^^^^^^^^^^^^^^^^^^^^^^^^^^^^^^^^^^^^^^^^^^^^^^^^^^^^^^^^^^^^^^^^^
  File "D:\easy-pharma\env\Lib\site-packages\django\urls\base.py", line 98, in reverse
    resolved_url = resolver._reverse_with_prefix(view, prefix, *args, **kwargs)
                   ^^^^^^^^^^^^^^^^^^^^^^^^^^^^^^^^^^^^^^^^^^^^^^^^^^^^^^^^^^^^
  File "D:\easy-pharma\env\Lib\site-packages\django\urls\resolvers.py", line 831, in _reverse_with_prefix
    raise NoReverseMatch(msg)
django.urls.exceptions.NoReverseMatch: Reverse for 'sale_list' not found. 'sale_list' is not a valid view function or pattern name.
2026-09-14 23:02:27,162 INFO [easypharma.middleware] Request to view=easypharma.views.sales.view method=GET path=/pos/edit/115/ user=pharmacy tenant=unique_med_pusad
2026-09-14 23:02:27,200 ERROR [easypharma.middleware] Exception in request path=/pos/edit/115/ user=pharmacy tenant=unique_med_pusad error=Reverse for 'sale_list' not found. 'sale_list' is not a valid view function or pattern name.
Traceback (most recent call last):
  File "D:\easy-pharma\env\Lib\site-packages\django\core\handlers\base.py", line 197, in _get_response
    response = wrapped_callback(request, *callback_args, **callback_kwargs)
               ^^^^^^^^^^^^^^^^^^^^^^^^^^^^^^^^^^^^^^^^^^^^^^^^^^^^^^^^^^^^
  File "D:\easy-pharma\env\Lib\site-packages\django\views\generic\base.py", line 105, in view
    return self.dispatch(request, *args, **kwargs)
           ^^^^^^^^^^^^^^^^^^^^^^^^^^^^^^^^^^^^^^^
  File "D:\easy-pharma\env\Lib\site-packages\django\contrib\auth\mixins.py", line 73, in dispatch
    return super().dispatch(request, *args, **kwargs)
           ^^^^^^^^^^^^^^^^^^^^^^^^^^^^^^^^^^^^^^^^^^
  File "D:\easy-pharma\env\Lib\site-packages\django\views\generic\base.py", line 144, in dispatch
    return handler(request, *args, **kwargs)
           ^^^^^^^^^^^^^^^^^^^^^^^^^^^^^^^^^
  File "D:\easy-pharma\pharmaProject\easypharma\views\sales.py", line 134, in get
    return render(request, self.template_name, {
           ^^^^^^^^^^^^^^^^^^^^^^^^^^^^^^^^^^^^^
  File "D:\easy-pharma\env\Lib\site-packages\django\shortcuts.py", line 25, in render
    content = loader.render_to_string(template_name, context, request, using=using)
              ^^^^^^^^^^^^^^^^^^^^^^^^^^^^^^^^^^^^^^^^^^^^^^^^^^^^^^^^^^^^^^^^^^^^^
  File "D:\easy-pharma\env\Lib\site-packages\django\template\loader.py", line 62, in render_to_string
    return template.render(context, request)
           ^^^^^^^^^^^^^^^^^^^^^^^^^^^^^^^^^
  File "D:\easy-pharma\env\Lib\site-packages\django\template\backends\django.py", line 107, in render
    return self.template.render(context)
           ^^^^^^^^^^^^^^^^^^^^^^^^^^^^^
  File "D:\easy-pharma\env\Lib\site-packages\django\template\base.py", line 171, in render
    return self._render(context)
           ^^^^^^^^^^^^^^^^^^^^^
  File "D:\easy-pharma\env\Lib\site-packages\django\template\base.py", line 163, in _render
    return self.nodelist.render(context)
           ^^^^^^^^^^^^^^^^^^^^^^^^^^^^^
  File "D:\easy-pharma\env\Lib\site-packages\django\template\base.py", line 1016, in render
    return SafeString("".join([node.render_annotated(context) for node in self]))
                               ^^^^^^^^^^^^^^^^^^^^^^^^^^^^^^
  File "D:\easy-pharma\env\Lib\site-packages\django\template\base.py", line 977, in render_annotated
    return self.render(context)
           ^^^^^^^^^^^^^^^^^^^^
  File "D:\easy-pharma\env\Lib\site-packages\django\template\loader_tags.py", line 159, in render
    return compiled_parent._render(context)
           ^^^^^^^^^^^^^^^^^^^^^^^^^^^^^^^^
  File "D:\easy-pharma\env\Lib\site-packages\django\template\base.py", line 163, in _render
    return self.nodelist.render(context)
           ^^^^^^^^^^^^^^^^^^^^^^^^^^^^^
  File "D:\easy-pharma\env\Lib\site-packages\django\template\base.py", line 1016, in render
    return SafeString("".join([node.render_annotated(context) for node in self]))
                               ^^^^^^^^^^^^^^^^^^^^^^^^^^^^^^
  File "D:\easy-pharma\env\Lib\site-packages\django\template\base.py", line 977, in render_annotated
    return self.render(context)
           ^^^^^^^^^^^^^^^^^^^^
  File "D:\easy-pharma\env\Lib\site-packages\django\template\loader_tags.py", line 65, in render
    result = block.nodelist.render(context)
             ^^^^^^^^^^^^^^^^^^^^^^^^^^^^^^
  File "D:\easy-pharma\env\Lib\site-packages\django\template\base.py", line 1016, in render
    return SafeString("".join([node.render_annotated(context) for node in self]))
                               ^^^^^^^^^^^^^^^^^^^^^^^^^^^^^^
  File "D:\easy-pharma\env\Lib\site-packages\django\template\base.py", line 977, in render_annotated
    return self.render(context)
           ^^^^^^^^^^^^^^^^^^^^
  File "D:\easy-pharma\env\Lib\site-packages\django\template\defaulttags.py", line 327, in render
    return nodelist.render(context)
           ^^^^^^^^^^^^^^^^^^^^^^^^
  File "D:\easy-pharma\env\Lib\site-packages\django\template\base.py", line 1016, in render
    return SafeString("".join([node.render_annotated(context) for node in self]))
                               ^^^^^^^^^^^^^^^^^^^^^^^^^^^^^^
  File "D:\easy-pharma\env\Lib\site-packages\django\template\base.py", line 977, in render_annotated
    return self.render(context)
           ^^^^^^^^^^^^^^^^^^^^
  File "D:\easy-pharma\env\Lib\site-packages\django\template\defaulttags.py", line 480, in render
    url = reverse(view_name, args=args, kwargs=kwargs, current_app=current_app)
          ^^^^^^^^^^^^^^^^^^^^^^^^^^^^^^^^^^^^^^^^^^^^^^^^^^^^^^^^^^^^^^^^^^^^^
  File "D:\easy-pharma\env\Lib\site-packages\django\urls\base.py", line 98, in reverse
    resolved_url = resolver._reverse_with_prefix(view, prefix, *args, **kwargs)
                   ^^^^^^^^^^^^^^^^^^^^^^^^^^^^^^^^^^^^^^^^^^^^^^^^^^^^^^^^^^^^
  File "D:\easy-pharma\env\Lib\site-packages\django\urls\resolvers.py", line 831, in _reverse_with_prefix
    raise NoReverseMatch(msg)
django.urls.exceptions.NoReverseMatch: Reverse for 'sale_list' not found. 'sale_list' is not a valid view function or pattern name.
2026-09-14 23:02:27,350 ERROR [django.request] Internal Server Error: /pos/edit/115/
Traceback (most recent call last):
  File "D:\easy-pharma\env\Lib\site-packages\django\core\handlers\exception.py", line 55, in inner
    response = get_response(request)
               ^^^^^^^^^^^^^^^^^^^^^
  File "D:\easy-pharma\env\Lib\site-packages\django\core\handlers\base.py", line 197, in _get_response
    response = wrapped_callback(request, *callback_args, **callback_kwargs)
               ^^^^^^^^^^^^^^^^^^^^^^^^^^^^^^^^^^^^^^^^^^^^^^^^^^^^^^^^^^^^
  File "D:\easy-pharma\env\Lib\site-packages\django\views\generic\base.py", line 105, in view
    return self.dispatch(request, *args, **kwargs)
           ^^^^^^^^^^^^^^^^^^^^^^^^^^^^^^^^^^^^^^^
  File "D:\easy-pharma\env\Lib\site-packages\django\contrib\auth\mixins.py", line 73, in dispatch
    return super().dispatch(request, *args, **kwargs)
           ^^^^^^^^^^^^^^^^^^^^^^^^^^^^^^^^^^^^^^^^^^
  File "D:\easy-pharma\env\Lib\site-packages\django\views\generic\base.py", line 144, in dispatch
    return handler(request, *args, **kwargs)
           ^^^^^^^^^^^^^^^^^^^^^^^^^^^^^^^^^
  File "D:\easy-pharma\pharmaProject\easypharma\views\sales.py", line 134, in get
    return render(request, self.template_name, {
           ^^^^^^^^^^^^^^^^^^^^^^^^^^^^^^^^^^^^^
  File "D:\easy-pharma\env\Lib\site-packages\django\shortcuts.py", line 25, in render
    content = loader.render_to_string(template_name, context, request, using=using)
              ^^^^^^^^^^^^^^^^^^^^^^^^^^^^^^^^^^^^^^^^^^^^^^^^^^^^^^^^^^^^^^^^^^^^^
  File "D:\easy-pharma\env\Lib\site-packages\django\template\loader.py", line 62, in render_to_string
    return template.render(context, request)
           ^^^^^^^^^^^^^^^^^^^^^^^^^^^^^^^^^
  File "D:\easy-pharma\env\Lib\site-packages\django\template\backends\django.py", line 107, in render
    return self.template.render(context)
           ^^^^^^^^^^^^^^^^^^^^^^^^^^^^^
  File "D:\easy-pharma\env\Lib\site-packages\django\template\base.py", line 171, in render
    return self._render(context)
           ^^^^^^^^^^^^^^^^^^^^^
  File "D:\easy-pharma\env\Lib\site-packages\django\template\base.py", line 163, in _render
    return self.nodelist.render(context)
           ^^^^^^^^^^^^^^^^^^^^^^^^^^^^^
  File "D:\easy-pharma\env\Lib\site-packages\django\template\base.py", line 1016, in render
    return SafeString("".join([node.render_annotated(context) for node in self]))
                               ^^^^^^^^^^^^^^^^^^^^^^^^^^^^^^
  File "D:\easy-pharma\env\Lib\site-packages\django\template\base.py", line 977, in render_annotated
    return self.render(context)
           ^^^^^^^^^^^^^^^^^^^^
  File "D:\easy-pharma\env\Lib\site-packages\django\template\loader_tags.py", line 159, in render
    return compiled_parent._render(context)
           ^^^^^^^^^^^^^^^^^^^^^^^^^^^^^^^^
  File "D:\easy-pharma\env\Lib\site-packages\django\template\base.py", line 163, in _render
    return self.nodelist.render(context)
           ^^^^^^^^^^^^^^^^^^^^^^^^^^^^^
  File "D:\easy-pharma\env\Lib\site-packages\django\template\base.py", line 1016, in render
    return SafeString("".join([node.render_annotated(context) for node in self]))
                               ^^^^^^^^^^^^^^^^^^^^^^^^^^^^^^
  File "D:\easy-pharma\env\Lib\site-packages\django\template\base.py", line 977, in render_annotated
    return self.render(context)
           ^^^^^^^^^^^^^^^^^^^^
  File "D:\easy-pharma\env\Lib\site-packages\django\template\loader_tags.py", line 65, in render
    result = block.nodelist.render(context)
             ^^^^^^^^^^^^^^^^^^^^^^^^^^^^^^
  File "D:\easy-pharma\env\Lib\site-packages\django\template\base.py", line 1016, in render
    return SafeString("".join([node.render_annotated(context) for node in self]))
                               ^^^^^^^^^^^^^^^^^^^^^^^^^^^^^^
  File "D:\easy-pharma\env\Lib\site-packages\django\template\base.py", line 977, in render_annotated
    return self.render(context)
           ^^^^^^^^^^^^^^^^^^^^
  File "D:\easy-pharma\env\Lib\site-packages\django\template\defaulttags.py", line 327, in render
    return nodelist.render(context)
           ^^^^^^^^^^^^^^^^^^^^^^^^
  File "D:\easy-pharma\env\Lib\site-packages\django\template\base.py", line 1016, in render
    return SafeString("".join([node.render_annotated(context) for node in self]))
                               ^^^^^^^^^^^^^^^^^^^^^^^^^^^^^^
  File "D:\easy-pharma\env\Lib\site-packages\django\template\base.py", line 977, in render_annotated
    return self.render(context)
           ^^^^^^^^^^^^^^^^^^^^
  File "D:\easy-pharma\env\Lib\site-packages\django\template\defaulttags.py", line 480, in render
    url = reverse(view_name, args=args, kwargs=kwargs, current_app=current_app)
          ^^^^^^^^^^^^^^^^^^^^^^^^^^^^^^^^^^^^^^^^^^^^^^^^^^^^^^^^^^^^^^^^^^^^^
  File "D:\easy-pharma\env\Lib\site-packages\django\urls\base.py", line 98, in reverse
    resolved_url = resolver._reverse_with_prefix(view, prefix, *args, **kwargs)
                   ^^^^^^^^^^^^^^^^^^^^^^^^^^^^^^^^^^^^^^^^^^^^^^^^^^^^^^^^^^^^
  File "D:\easy-pharma\env\Lib\site-packages\django\urls\resolvers.py", line 831, in _reverse_with_prefix
    raise NoReverseMatch(msg)
django.urls.exceptions.NoReverseMatch: Reverse for 'sale_list' not found. 'sale_list' is not a valid view function or pattern name.
2026-09-14 23:02:47,710 INFO [easypharma.middleware] Request to view=easypharma.views.sales.view method=GET path=/pos/list/ user=pharmacy tenant=unique_med_pusad
2026-09-14 23:02:49,412 INFO [easypharma.middleware] Request to view=easypharma.views.utility.view method=GET path=/sw.js user=pharmacy tenant=unique_med_pusad
2026-09-14 23:02:51,166 INFO [easypharma.middleware] Request to view=easypharma.views.sales.view method=GET path=/pos/edit/119/ user=pharmacy tenant=unique_med_pusad
2026-09-14 23:02:51,195 ERROR [easypharma.middleware] Exception in request path=/pos/edit/119/ user=pharmacy tenant=unique_med_pusad error=Reverse for 'sale_list' not found. 'sale_list' is not a valid view function or pattern name.
Traceback (most recent call last):
  File "D:\easy-pharma\env\Lib\site-packages\django\core\handlers\base.py", line 197, in _get_response
    response = wrapped_callback(request, *callback_args, **callback_kwargs)
               ^^^^^^^^^^^^^^^^^^^^^^^^^^^^^^^^^^^^^^^^^^^^^^^^^^^^^^^^^^^^
  File "D:\easy-pharma\env\Lib\site-packages\django\views\generic\base.py", line 105, in view
    return self.dispatch(request, *args, **kwargs)
           ^^^^^^^^^^^^^^^^^^^^^^^^^^^^^^^^^^^^^^^
  File "D:\easy-pharma\env\Lib\site-packages\django\contrib\auth\mixins.py", line 73, in dispatch
    return super().dispatch(request, *args, **kwargs)
           ^^^^^^^^^^^^^^^^^^^^^^^^^^^^^^^^^^^^^^^^^^
  File "D:\easy-pharma\env\Lib\site-packages\django\views\generic\base.py", line 144, in dispatch
    return handler(request, *args, **kwargs)
           ^^^^^^^^^^^^^^^^^^^^^^^^^^^^^^^^^
  File "D:\easy-pharma\pharmaProject\easypharma\views\sales.py", line 134, in get
    return render(request, self.template_name, {
           ^^^^^^^^^^^^^^^^^^^^^^^^^^^^^^^^^^^^^
  File "D:\easy-pharma\env\Lib\site-packages\django\shortcuts.py", line 25, in render
    content = loader.render_to_string(template_name, context, request, using=using)
              ^^^^^^^^^^^^^^^^^^^^^^^^^^^^^^^^^^^^^^^^^^^^^^^^^^^^^^^^^^^^^^^^^^^^^
  File "D:\easy-pharma\env\Lib\site-packages\django\template\loader.py", line 62, in render_to_string
    return template.render(context, request)
           ^^^^^^^^^^^^^^^^^^^^^^^^^^^^^^^^^
  File "D:\easy-pharma\env\Lib\site-packages\django\template\backends\django.py", line 107, in render
    return self.template.render(context)
           ^^^^^^^^^^^^^^^^^^^^^^^^^^^^^
  File "D:\easy-pharma\env\Lib\site-packages\django\template\base.py", line 171, in render
    return self._render(context)
           ^^^^^^^^^^^^^^^^^^^^^
  File "D:\easy-pharma\env\Lib\site-packages\django\template\base.py", line 163, in _render
    return self.nodelist.render(context)
           ^^^^^^^^^^^^^^^^^^^^^^^^^^^^^
  File "D:\easy-pharma\env\Lib\site-packages\django\template\base.py", line 1016, in render
    return SafeString("".join([node.render_annotated(context) for node in self]))
                               ^^^^^^^^^^^^^^^^^^^^^^^^^^^^^^
  File "D:\easy-pharma\env\Lib\site-packages\django\template\base.py", line 977, in render_annotated
    return self.render(context)
           ^^^^^^^^^^^^^^^^^^^^
  File "D:\easy-pharma\env\Lib\site-packages\django\template\loader_tags.py", line 159, in render
    return compiled_parent._render(context)
           ^^^^^^^^^^^^^^^^^^^^^^^^^^^^^^^^
  File "D:\easy-pharma\env\Lib\site-packages\django\template\base.py", line 163, in _render
    return self.nodelist.render(context)
           ^^^^^^^^^^^^^^^^^^^^^^^^^^^^^
  File "D:\easy-pharma\env\Lib\site-packages\django\template\base.py", line 1016, in render
    return SafeString("".join([node.render_annotated(context) for node in self]))
                               ^^^^^^^^^^^^^^^^^^^^^^^^^^^^^^
  File "D:\easy-pharma\env\Lib\site-packages\django\template\base.py", line 977, in render_annotated
    return self.render(context)
           ^^^^^^^^^^^^^^^^^^^^
  File "D:\easy-pharma\env\Lib\site-packages\django\template\loader_tags.py", line 65, in render
    result = block.nodelist.render(context)
             ^^^^^^^^^^^^^^^^^^^^^^^^^^^^^^
  File "D:\easy-pharma\env\Lib\site-packages\django\template\base.py", line 1016, in render
    return SafeString("".join([node.render_annotated(context) for node in self]))
                               ^^^^^^^^^^^^^^^^^^^^^^^^^^^^^^
  File "D:\easy-pharma\env\Lib\site-packages\django\template\base.py", line 977, in render_annotated
    return self.render(context)
           ^^^^^^^^^^^^^^^^^^^^
  File "D:\easy-pharma\env\Lib\site-packages\django\template\defaulttags.py", line 327, in render
    return nodelist.render(context)
           ^^^^^^^^^^^^^^^^^^^^^^^^
  File "D:\easy-pharma\env\Lib\site-packages\django\template\base.py", line 1016, in render
    return SafeString("".join([node.render_annotated(context) for node in self]))
                               ^^^^^^^^^^^^^^^^^^^^^^^^^^^^^^
  File "D:\easy-pharma\env\Lib\site-packages\django\template\base.py", line 977, in render_annotated
    return self.render(context)
           ^^^^^^^^^^^^^^^^^^^^
  File "D:\easy-pharma\env\Lib\site-packages\django\template\defaulttags.py", line 480, in render
    url = reverse(view_name, args=args, kwargs=kwargs, current_app=current_app)
          ^^^^^^^^^^^^^^^^^^^^^^^^^^^^^^^^^^^^^^^^^^^^^^^^^^^^^^^^^^^^^^^^^^^^^
  File "D:\easy-pharma\env\Lib\site-packages\django\urls\base.py", line 98, in reverse
    resolved_url = resolver._reverse_with_prefix(view, prefix, *args, **kwargs)
                   ^^^^^^^^^^^^^^^^^^^^^^^^^^^^^^^^^^^^^^^^^^^^^^^^^^^^^^^^^^^^
  File "D:\easy-pharma\env\Lib\site-packages\django\urls\resolvers.py", line 831, in _reverse_with_prefix
    raise NoReverseMatch(msg)
django.urls.exceptions.NoReverseMatch: Reverse for 'sale_list' not found. 'sale_list' is not a valid view function or pattern name.
2026-09-14 23:02:51,291 ERROR [django.request] Internal Server Error: /pos/edit/119/
Traceback (most recent call last):
  File "D:\easy-pharma\env\Lib\site-packages\django\core\handlers\exception.py", line 55, in inner
    response = get_response(request)
               ^^^^^^^^^^^^^^^^^^^^^
  File "D:\easy-pharma\env\Lib\site-packages\django\core\handlers\base.py", line 197, in _get_response
    response = wrapped_callback(request, *callback_args, **callback_kwargs)
               ^^^^^^^^^^^^^^^^^^^^^^^^^^^^^^^^^^^^^^^^^^^^^^^^^^^^^^^^^^^^
  File "D:\easy-pharma\env\Lib\site-packages\django\views\generic\base.py", line 105, in view
    return self.dispatch(request, *args, **kwargs)
           ^^^^^^^^^^^^^^^^^^^^^^^^^^^^^^^^^^^^^^^
  File "D:\easy-pharma\env\Lib\site-packages\django\contrib\auth\mixins.py", line 73, in dispatch
    return super().dispatch(request, *args, **kwargs)
           ^^^^^^^^^^^^^^^^^^^^^^^^^^^^^^^^^^^^^^^^^^
  File "D:\easy-pharma\env\Lib\site-packages\django\views\generic\base.py", line 144, in dispatch
    return handler(request, *args, **kwargs)
           ^^^^^^^^^^^^^^^^^^^^^^^^^^^^^^^^^
  File "D:\easy-pharma\pharmaProject\easypharma\views\sales.py", line 134, in get
    return render(request, self.template_name, {
           ^^^^^^^^^^^^^^^^^^^^^^^^^^^^^^^^^^^^^
  File "D:\easy-pharma\env\Lib\site-packages\django\shortcuts.py", line 25, in render
    content = loader.render_to_string(template_name, context, request, using=using)
              ^^^^^^^^^^^^^^^^^^^^^^^^^^^^^^^^^^^^^^^^^^^^^^^^^^^^^^^^^^^^^^^^^^^^^
  File "D:\easy-pharma\env\Lib\site-packages\django\template\loader.py", line 62, in render_to_string
    return template.render(context, request)
           ^^^^^^^^^^^^^^^^^^^^^^^^^^^^^^^^^
  File "D:\easy-pharma\env\Lib\site-packages\django\template\backends\django.py", line 107, in render
    return self.template.render(context)
           ^^^^^^^^^^^^^^^^^^^^^^^^^^^^^
  File "D:\easy-pharma\env\Lib\site-packages\django\template\base.py", line 171, in render
    return self._render(context)
           ^^^^^^^^^^^^^^^^^^^^^
  File "D:\easy-pharma\env\Lib\site-packages\django\template\base.py", line 163, in _render
    return self.nodelist.render(context)
           ^^^^^^^^^^^^^^^^^^^^^^^^^^^^^
  File "D:\easy-pharma\env\Lib\site-packages\django\template\base.py", line 1016, in render
    return SafeString("".join([node.render_annotated(context) for node in self]))
                               ^^^^^^^^^^^^^^^^^^^^^^^^^^^^^^
  File "D:\easy-pharma\env\Lib\site-packages\django\template\base.py", line 977, in render_annotated
    return self.render(context)
           ^^^^^^^^^^^^^^^^^^^^
  File "D:\easy-pharma\env\Lib\site-packages\django\template\loader_tags.py", line 159, in render
    return compiled_parent._render(context)
           ^^^^^^^^^^^^^^^^^^^^^^^^^^^^^^^^
  File "D:\easy-pharma\env\Lib\site-packages\django\template\base.py", line 163, in _render
    return self.nodelist.render(context)
           ^^^^^^^^^^^^^^^^^^^^^^^^^^^^^
  File "D:\easy-pharma\env\Lib\site-packages\django\template\base.py", line 1016, in render
    return SafeString("".join([node.render_annotated(context) for node in self]))
                               ^^^^^^^^^^^^^^^^^^^^^^^^^^^^^^
  File "D:\easy-pharma\env\Lib\site-packages\django\template\base.py", line 977, in render_annotated
    return self.render(context)
           ^^^^^^^^^^^^^^^^^^^^
  File "D:\easy-pharma\env\Lib\site-packages\django\template\loader_tags.py", line 65, in render
    result = block.nodelist.render(context)
             ^^^^^^^^^^^^^^^^^^^^^^^^^^^^^^
  File "D:\easy-pharma\env\Lib\site-packages\django\template\base.py", line 1016, in render
    return SafeString("".join([node.render_annotated(context) for node in self]))
                               ^^^^^^^^^^^^^^^^^^^^^^^^^^^^^^
  File "D:\easy-pharma\env\Lib\site-packages\django\template\base.py", line 977, in render_annotated
    return self.render(context)
           ^^^^^^^^^^^^^^^^^^^^
  File "D:\easy-pharma\env\Lib\site-packages\django\template\defaulttags.py", line 327, in render
    return nodelist.render(context)
           ^^^^^^^^^^^^^^^^^^^^^^^^
  File "D:\easy-pharma\env\Lib\site-packages\django\template\base.py", line 1016, in render
    return SafeString("".join([node.render_annotated(context) for node in self]))
                               ^^^^^^^^^^^^^^^^^^^^^^^^^^^^^^
  File "D:\easy-pharma\env\Lib\site-packages\django\template\base.py", line 977, in render_annotated
    return self.render(context)
           ^^^^^^^^^^^^^^^^^^^^
  File "D:\easy-pharma\env\Lib\site-packages\django\template\defaulttags.py", line 480, in render
    url = reverse(view_name, args=args, kwargs=kwargs, current_app=current_app)
          ^^^^^^^^^^^^^^^^^^^^^^^^^^^^^^^^^^^^^^^^^^^^^^^^^^^^^^^^^^^^^^^^^^^^^
  File "D:\easy-pharma\env\Lib\site-packages\django\urls\base.py", line 98, in reverse
    resolved_url = resolver._reverse_with_prefix(view, prefix, *args, **kwargs)
                   ^^^^^^^^^^^^^^^^^^^^^^^^^^^^^^^^^^^^^^^^^^^^^^^^^^^^^^^^^^^^
  File "D:\easy-pharma\env\Lib\site-packages\django\urls\resolvers.py", line 831, in _reverse_with_prefix
    raise NoReverseMatch(msg)
django.urls.exceptions.NoReverseMatch: Reverse for 'sale_list' not found. 'sale_list' is not a valid view function or pattern name.
2026-09-14 23:02:52,964 INFO [easypharma.middleware] Request to view=easypharma.views.utility.view method=GET path=/sw.js user=pharmacy tenant=unique_med_pusad
2026-09-14 23:04:01,361 INFO [easypharma.middleware] Request to view=easypharma.views.utility.view method=GET path=/sw.js user=pharmacy tenant=unique_med_pusad
2026-09-14 23:04:03,619 INFO [easypharma.middleware] Request to view=easypharma.views.sales.view method=GET path=/pos/list/ user=pharmacy tenant=unique_med_pusad
2026-09-14 23:04:05,653 INFO [easypharma.middleware] Request to view=easypharma.views.utility.view method=GET path=/sw.js user=pharmacy tenant=unique_med_pusad
2026-09-14 23:04:53,820 INFO [easypharma.middleware] Request to view=easypharma.views.sales.view method=GET path=/pos/list/ user=pharmacy tenant=unique_med_pusad
2026-09-14 23:04:54,035 INFO [easypharma.middleware] Request to view=easypharma.views.sales.view method=GET path=/pos/list/ user=pharmacy tenant=unique_med_pusad
2026-09-14 23:04:56,911 INFO [easypharma.middleware] Request to view=easypharma.views.sales.view method=GET path=/pos/edit/119/ user=pharmacy tenant=unique_med_pusad
2026-09-14 23:04:57,828 INFO [easypharma.middleware] Request to view=easypharma.views.sales.view method=GET path=/api/products/search/ user=pharmacy tenant=unique_med_pusad
2026-09-14 23:04:59,592 INFO [easypharma.middleware] Request to view=easypharma.views.utility.view method=GET path=/sw.js user=pharmacy tenant=unique_med_pusad
2026-09-14 23:05:04,248 INFO [easypharma.middleware] Request to view=easypharma.views.sales.view method=GET path=/pos/edit/119/ user=pharmacy tenant=unique_med_pusad
2026-09-14 23:05:04,434 INFO [easypharma.middleware] Request to view=easypharma.views.sales.view method=GET path=/pos/edit/119/ user=pharmacy tenant=unique_med_pusad
2026-09-14 23:05:04,976 INFO [easypharma.middleware] Request to view=easypharma.views.sales.view method=GET path=/api/products/search/ user=pharmacy tenant=unique_med_pusad
2026-09-14 23:05:08,132 INFO [easypharma.middleware] Request to view=easypharma.views.sales.view method=GET path=/api/products/search/ user=pharmacy tenant=unique_med_pusad
2026-09-14 23:05:09,341 INFO [easypharma.middleware] Request to view=easypharma.views.sales.view method=GET path=/pos/list/ user=pharmacy tenant=unique_med_pusad
2026-09-14 23:05:11,374 INFO [easypharma.middleware] Request to view=easypharma.views.utility.view method=GET path=/sw.js user=pharmacy tenant=unique_med_pusad
2026-09-14 23:05:12,521 INFO [easypharma.middleware] Request to view=easypharma.views.sales.view method=GET path=/pos/list/ user=pharmacy tenant=unique_med_pusad
2026-09-14 23:05:14,445 INFO [easypharma.middleware] Request to view=easypharma.views.utility.view method=GET path=/sw.js user=pharmacy tenant=unique_med_pusad
2026-09-14 23:05:19,616 INFO [easypharma.middleware] Request to view=easypharma.views.sales.view method=GET path=/pos/edit/117/ user=pharmacy tenant=unique_med_pusad
2026-09-14 23:05:19,871 INFO [easypharma.middleware] Request to view=easypharma.views.sales.view method=GET path=/api/products/search/ user=pharmacy tenant=unique_med_pusad
2026-09-14 23:05:19,953 INFO [easypharma.middleware] Request to view=easypharma.views.sales.view method=GET path=/api/products/search/ user=pharmacy tenant=unique_med_pusad
2026-09-14 23:05:21,739 INFO [easypharma.middleware] Request to view=easypharma.views.utility.view method=GET path=/sw.js user=pharmacy tenant=unique_med_pusad
2026-09-14 23:06:20,596 INFO [easypharma.middleware] Request to view=easypharma.views.utility.view method=GET path=/sw.js user=pharmacy tenant=unique_med_pusad
2026-09-14 23:07:20,597 INFO [easypharma.middleware] Request to view=easypharma.views.utility.view method=GET path=/sw.js user=pharmacy tenant=unique_med_pusad
2026-09-14 23:08:20,595 INFO [easypharma.middleware] Request to view=easypharma.views.utility.view method=GET path=/sw.js user=pharmacy tenant=unique_med_pusad
2026-09-14 23:09:20,591 INFO [easypharma.middleware] Request to view=easypharma.views.utility.view method=GET path=/sw.js user=pharmacy tenant=unique_med_pusad
2026-09-14 23:10:20,604 INFO [easypharma.middleware] Request to view=easypharma.views.utility.view method=GET path=/sw.js user=pharmacy tenant=unique_med_pusad
2026-09-14 23:11:20,597 INFO [easypharma.middleware] Request to view=easypharma.views.utility.view method=GET path=/sw.js user=pharmacy tenant=unique_med_pusad
2026-09-14 23:12:31,248 INFO [easypharma.middleware] Request to view=easypharma.views.utility.view method=GET path=/sw.js user=pharmacy tenant=unique_med_pusad
2026-09-14 23:12:32,962 INFO [easypharma.middleware] Request to view=easypharma.views.sales.view method=GET path=/pos/edit/117/ user=pharmacy tenant=unique_med_pusad
2026-09-14 23:12:33,395 INFO [easypharma.middleware] Request to view=easypharma.views.sales.view method=GET path=/api/products/search/ user=pharmacy tenant=unique_med_pusad
2026-09-14 23:12:33,964 INFO [easypharma.middleware] Request to view=easypharma.views.sales.view method=GET path=/pos/edit/117/ user=pharmacy tenant=unique_med_pusad
2026-09-14 23:12:35,321 INFO [easypharma.middleware] Request to view=easypharma.views.sales.view method=GET path=/pos/edit/117/ user=pharmacy tenant=unique_med_pusad
2026-09-14 23:12:35,780 INFO [easypharma.middleware] Request to view=easypharma.views.utility.view method=GET path=/sw.js user=pharmacy tenant=unique_med_pusad
2026-09-14 23:12:37,140 INFO [easypharma.middleware] Request to view=easypharma.views.utility.view method=GET path=/sw.js user=pharmacy tenant=unique_med_pusad
2026-09-14 23:12:41,867 INFO [easypharma.middleware] Request to view=easypharma.views.sales.view method=GET path=/pos/edit/117/ user=pharmacy tenant=unique_med_pusad
2026-09-14 23:12:42,089 INFO [easypharma.middleware] Request to view=easypharma.views.sales.view method=GET path=/pos/edit/117/ user=pharmacy tenant=unique_med_pusad
2026-09-14 23:12:42,219 INFO [easypharma.middleware] Request to view=easypharma.views.sales.view method=GET path=/pos/edit/117/ user=pharmacy tenant=unique_med_pusad
2026-09-14 23:12:42,387 INFO [easypharma.middleware] Request to view=easypharma.views.sales.view method=GET path=/pos/edit/117/ user=pharmacy tenant=unique_med_pusad
2026-09-14 23:12:42,518 INFO [easypharma.middleware] Request to view=easypharma.views.sales.view method=GET path=/pos/edit/117/ user=pharmacy tenant=unique_med_pusad
2026-09-14 23:12:42,920 INFO [easypharma.middleware] Request to view=easypharma.views.sales.view method=GET path=/api/products/search/ user=pharmacy tenant=unique_med_pusad
2026-09-14 23:12:44,590 INFO [easypharma.middleware] Request to view=easypharma.views.sales.view method=GET path=/api/products/search/ user=pharmacy tenant=unique_med_pusad
2026-09-14 23:12:59,058 INFO [easypharma.middleware] Request to view=easypharma.views.sales.view method=GET path=/pos/list/ user=pharmacy tenant=unique_med_pusad
2026-09-14 23:13:00,774 INFO [easypharma.middleware] Request to view=easypharma.views.utility.view method=GET path=/sw.js user=pharmacy tenant=unique_med_pusad
2026-09-14 23:13:01,772 INFO [easypharma.middleware] Request to view=easypharma.views.sales.view method=GET path=/pos/list/ user=pharmacy tenant=unique_med_pusad
2026-09-14 23:13:03,736 INFO [easypharma.middleware] Request to view=easypharma.views.utility.view method=GET path=/sw.js user=pharmacy tenant=unique_med_pusad
2026-09-14 23:13:19,255 INFO [easypharma.middleware] Request to view=easypharma.views.accounts.home_view method=GET path=/home user=pharmacy tenant=unique_med_pusad
2026-09-14 23:13:21,283 INFO [easypharma.middleware] Request to view=easypharma.views.utility.view method=GET path=/sw.js user=pharmacy tenant=unique_med_pusad
2026-09-14 23:13:24,373 INFO [easypharma.middleware] Request to view=easypharma.views.accounts.dashboard_stats_api method=GET path=/api/dashboard-stats/ user=pharmacy tenant=unique_med_pusad
2026-09-14 23:13:26,010 INFO [easypharma.middleware] Request to view=easypharma.views.accounts.home_view method=GET path=/home user=pharmacy tenant=unique_med_pusad
2026-09-14 23:13:27,861 INFO [easypharma.middleware] Request to view=easypharma.views.utility.view method=GET path=/sw.js user=pharmacy tenant=unique_med_pusad
2026-09-14 23:13:28,757 INFO [easypharma.middleware] Request to view=easypharma.views.accounts.home_view method=GET path=/home user=pharmacy tenant=unique_med_pusad
2026-09-14 23:13:29,650 INFO [easypharma.middleware] Request to view=easypharma.views.accounts.home_view method=GET path=/home user=pharmacy tenant=unique_med_pusad
2026-09-14 23:13:29,828 INFO [easypharma.middleware] Request to view=easypharma.views.accounts.home_view method=GET path=/home user=pharmacy tenant=unique_med_pusad
2026-09-14 23:13:30,042 INFO [easypharma.middleware] Request to view=easypharma.views.accounts.home_view method=GET path=/home user=pharmacy tenant=unique_med_pusad
2026-09-14 23:13:30,549 INFO [easypharma.middleware] Request to view=easypharma.views.utility.view method=GET path=/sw.js user=pharmacy tenant=unique_med_pusad
2026-09-14 23:13:31,909 INFO [easypharma.middleware] Request to view=easypharma.views.utility.view method=GET path=/sw.js user=pharmacy tenant=unique_med_pusad
2026-09-14 23:13:35,094 INFO [easypharma.middleware] Request to view=easypharma.views.accounts.dashboard_stats_api method=GET path=/api/dashboard-stats/ user=pharmacy tenant=unique_med_pusad
2026-09-14 23:14:05,601 INFO [easypharma.middleware] Request to view=easypharma.views.accounts.dashboard_stats_api method=GET path=/api/dashboard-stats/ user=pharmacy tenant=unique_med_pusad
2026-09-14 23:14:30,594 INFO [easypharma.middleware] Request to view=easypharma.views.utility.view method=GET path=/sw.js user=pharmacy tenant=unique_med_pusad
2026-09-14 23:14:36,597 INFO [easypharma.middleware] Request to view=easypharma.views.accounts.dashboard_stats_api method=GET path=/api/dashboard-stats/ user=pharmacy tenant=unique_med_pusad
2026-09-14 23:15:07,594 INFO [easypharma.middleware] Request to view=easypharma.views.accounts.dashboard_stats_api method=GET path=/api/dashboard-stats/ user=pharmacy tenant=unique_med_pusad
2026-09-14 23:15:30,154 INFO [easypharma.middleware] Request to view=easypharma.views.utility.view method=GET path=/sw.js user=pharmacy tenant=unique_med_pusad
2026-09-14 23:15:38,606 INFO [easypharma.middleware] Request to view=easypharma.views.accounts.dashboard_stats_api method=GET path=/api/dashboard-stats/ user=pharmacy tenant=unique_med_pusad
2026-09-14 23:16:09,593 INFO [easypharma.middleware] Request to view=easypharma.views.accounts.dashboard_stats_api method=GET path=/api/dashboard-stats/ user=pharmacy tenant=unique_med_pusad
2026-09-14 23:16:30,592 INFO [easypharma.middleware] Request to view=easypharma.views.utility.view method=GET path=/sw.js user=pharmacy tenant=unique_med_pusad
2026-09-14 23:16:40,596 INFO [easypharma.middleware] Request to view=easypharma.views.accounts.dashboard_stats_api method=GET path=/api/dashboard-stats/ user=pharmacy tenant=unique_med_pusad
2026-09-14 23:17:11,596 INFO [easypharma.middleware] Request to view=easypharma.views.accounts.dashboard_stats_api method=GET path=/api/dashboard-stats/ user=pharmacy tenant=unique_med_pusad
2026-09-14 23:17:30,596 INFO [easypharma.middleware] Request to view=easypharma.views.utility.view method=GET path=/sw.js user=pharmacy tenant=unique_med_pusad
2026-09-14 23:17:42,606 INFO [easypharma.middleware] Request to view=easypharma.views.accounts.dashboard_stats_api method=GET path=/api/dashboard-stats/ user=pharmacy tenant=unique_med_pusad
2026-09-14 23:18:30,588 INFO [easypharma.middleware] Request to view=easypharma.views.utility.view method=GET path=/sw.js user=pharmacy tenant=unique_med_pusad
2026-09-14 23:18:32,614 INFO [easypharma.middleware] Request to view=easypharma.views.accounts.dashboard_stats_api method=GET path=/api/dashboard-stats/ user=pharmacy tenant=unique_med_pusad
2026-09-14 23:19:30,604 INFO [easypharma.middleware] Request to view=easypharma.views.utility.view method=GET path=/sw.js user=pharmacy tenant=unique_med_pusad
2026-09-14 23:19:32,612 INFO [easypharma.middleware] Request to view=easypharma.views.accounts.dashboard_stats_api method=GET path=/api/dashboard-stats/ user=pharmacy tenant=unique_med_pusad
2026-09-14 23:20:08,370 INFO [easypharma] ✓ Database migrations completed successfully
2026-09-14 23:20:32,626 INFO [easypharma.middleware] Request to view=easypharma.views.utility.view method=GET path=/sw.js user=pharmacy tenant=unique_med_pusad
2026-09-14 23:20:32,630 INFO [easypharma.middleware] Request to view=easypharma.views.accounts.dashboard_stats_api method=GET path=/api/dashboard-stats/ user=pharmacy tenant=unique_med_pusad
2026-09-14 23:20:48,223 INFO [easypharma] ✓ Database migrations completed successfully
2026-09-14 23:21:14,110 INFO [easypharma] ✓ Database migrations completed successfully
2026-09-14 23:21:32,614 INFO [easypharma.middleware] Request to view=easypharma.views.accounts.dashboard_stats_api method=GET path=/api/dashboard-stats/ user=pharmacy tenant=unique_med_pusad
2026-09-14 23:21:32,620 INFO [easypharma.middleware] Request to view=easypharma.views.utility.view method=GET path=/sw.js user=pharmacy tenant=unique_med_pusad
2026-09-14 23:22:32,605 INFO [easypharma.middleware] Request to view=easypharma.views.accounts.dashboard_stats_api method=GET path=/api/dashboard-stats/ user=pharmacy tenant=unique_med_pusad
2026-09-14 23:22:32,605 INFO [easypharma.middleware] Request to view=easypharma.views.utility.view method=GET path=/sw.js user=pharmacy tenant=unique_med_pusad
2026-09-14 23:23:32,614 INFO [easypharma.middleware] Request to view=easypharma.views.utility.view method=GET path=/sw.js user=pharmacy tenant=unique_med_pusad
2026-09-14 23:23:32,614 INFO [easypharma.middleware] Request to view=easypharma.views.accounts.dashboard_stats_api method=GET path=/api/dashboard-stats/ user=pharmacy tenant=unique_med_pusad
2026-09-14 23:24:32,612 INFO [easypharma.middleware] Request to view=easypharma.views.accounts.dashboard_stats_api method=GET path=/api/dashboard-stats/ user=pharmacy tenant=unique_med_pusad
2026-09-14 23:24:32,635 INFO [easypharma.middleware] Request to view=easypharma.views.utility.view method=GET path=/sw.js user=pharmacy tenant=unique_med_pusad
2026-09-14 23:25:32,598 INFO [easypharma.middleware] Request to view=easypharma.views.utility.view method=GET path=/sw.js user=pharmacy tenant=unique_med_pusad
2026-09-14 23:25:32,601 INFO [easypharma.middleware] Request to view=easypharma.views.accounts.dashboard_stats_api method=GET path=/api/dashboard-stats/ user=pharmacy tenant=unique_med_pusad
2026-09-14 23:26:32,603 INFO [easypharma.middleware] Request to view=easypharma.views.utility.view method=GET path=/sw.js user=pharmacy tenant=unique_med_pusad
2026-09-14 23:26:32,629 INFO [easypharma.middleware] Request to view=easypharma.views.accounts.dashboard_stats_api method=GET path=/api/dashboard-stats/ user=pharmacy tenant=unique_med_pusad
2026-09-14 23:27:03,600 INFO [easypharma.middleware] Request to view=easypharma.views.accounts.dashboard_stats_api method=GET path=/api/dashboard-stats/ user=pharmacy tenant=unique_med_pusad
2026-09-14 23:27:30,155 INFO [easypharma.middleware] Request to view=easypharma.views.utility.view method=GET path=/sw.js user=pharmacy tenant=unique_med_pusad
2026-09-14 23:27:33,607 INFO [easypharma.middleware] Request to view=easypharma.views.accounts.dashboard_stats_api method=GET path=/api/dashboard-stats/ user=pharmacy tenant=unique_med_pusad
2026-09-14 23:27:42,294 INFO [easypharma.middleware] Request to view=easypharma.views.accounts.home_view method=GET path=/home user=pharmacy tenant=unique_med_pusad
2026-09-14 23:27:44,266 INFO [easypharma.middleware] Request to view=easypharma.views.utility.view method=GET path=/sw.js user=pharmacy tenant=unique_med_pusad
2026-09-14 23:27:47,594 INFO [easypharma.middleware] Request to view=easypharma.views.accounts.dashboard_stats_api method=GET path=/api/dashboard-stats/ user=pharmacy tenant=unique_med_pusad
2026-09-14 23:28:18,597 INFO [easypharma.middleware] Request to view=easypharma.views.accounts.dashboard_stats_api method=GET path=/api/dashboard-stats/ user=pharmacy tenant=unique_med_pusad
2026-09-14 23:28:42,603 INFO [easypharma.middleware] Request to view=easypharma.views.utility.view method=GET path=/sw.js user=pharmacy tenant=unique_med_pusad
2026-09-14 23:28:49,590 INFO [easypharma.middleware] Request to view=easypharma.views.accounts.dashboard_stats_api method=GET path=/api/dashboard-stats/ user=pharmacy tenant=unique_med_pusad
2026-09-14 23:29:12,598 INFO [easypharma.middleware] Request to view=easypharma.views.sales.view method=GET path=/api/products/search/ user=pharmacy tenant=unique_med_pusad
2026-09-14 23:29:13,498 INFO [easypharma.middleware] Request to view=easypharma.views.master.view method=GET path=/api/products/master-search/ user=pharmacy tenant=unique_med_pusad
2026-09-14 23:29:20,592 INFO [easypharma.middleware] Request to view=easypharma.views.accounts.dashboard_stats_api method=GET path=/api/dashboard-stats/ user=pharmacy tenant=unique_med_pusad
2026-09-14 23:29:42,592 INFO [easypharma.middleware] Request to view=easypharma.views.utility.view method=GET path=/sw.js user=pharmacy tenant=unique_med_pusad
2026-09-14 23:29:51,596 INFO [easypharma.middleware] Request to view=easypharma.views.accounts.dashboard_stats_api method=GET path=/api/dashboard-stats/ user=pharmacy tenant=unique_med_pusad
2026-09-14 23:30:22,589 INFO [easypharma.middleware] Request to view=easypharma.views.accounts.dashboard_stats_api method=GET path=/api/dashboard-stats/ user=pharmacy tenant=unique_med_pusad
2026-09-14 23:30:42,613 INFO [easypharma.middleware] Request to view=easypharma.views.utility.view method=GET path=/sw.js user=pharmacy tenant=unique_med_pusad
2026-09-14 23:30:53,592 INFO [easypharma.middleware] Request to view=easypharma.views.accounts.dashboard_stats_api method=GET path=/api/dashboard-stats/ user=pharmacy tenant=unique_med_pusad
2026-09-14 23:31:32,606 INFO [easypharma.middleware] Request to view=easypharma.views.accounts.dashboard_stats_api method=GET path=/api/dashboard-stats/ user=pharmacy tenant=unique_med_pusad
2026-09-14 23:31:42,596 INFO [easypharma.middleware] Request to view=easypharma.views.utility.view method=GET path=/sw.js user=pharmacy tenant=unique_med_pusad
2026-09-14 23:32:32,600 INFO [easypharma.middleware] Request to view=easypharma.views.accounts.dashboard_stats_api method=GET path=/api/dashboard-stats/ user=pharmacy tenant=unique_med_pusad
2026-09-14 23:32:42,597 INFO [easypharma.middleware] Request to view=easypharma.views.utility.view method=GET path=/sw.js user=pharmacy tenant=unique_med_pusad
2026-09-14 23:33:32,597 INFO [easypharma.middleware] Request to view=easypharma.views.accounts.dashboard_stats_api method=GET path=/api/dashboard-stats/ user=pharmacy tenant=unique_med_pusad
2026-09-14 23:33:42,596 INFO [easypharma.middleware] Request to view=easypharma.views.utility.view method=GET path=/sw.js user=pharmacy tenant=unique_med_pusad
2026-09-14 23:34:05,765 INFO [easypharma] ✓ Database migrations completed successfully
2026-09-14 23:34:20,328 INFO [easypharma.middleware] Request to view=easypharma.views.accounts.dashboard_stats_api method=GET path=/api/dashboard-stats/ user=pharmacy tenant=unique_med_pusad
2026-09-14 23:34:22,280 INFO [easypharma.middleware] Request to view=easypharma.views.accounts.home_view method=GET path=/home user=pharmacy tenant=unique_med_pusad
2026-09-14 23:34:24,328 INFO [easypharma.middleware] Request to view=easypharma.views.utility.view method=GET path=/sw.js user=pharmacy tenant=unique_med_pusad
2026-09-14 23:34:26,757 INFO [easypharma.middleware] Request to view=easypharma.views.sales.view method=GET path=/pos/list/ user=pharmacy tenant=unique_med_pusad
2026-09-14 23:34:28,405 INFO [easypharma.middleware] Request to view=easypharma.views.utility.view method=GET path=/sw.js user=pharmacy tenant=unique_med_pusad
2026-09-14 23:34:34,859 INFO [easypharma.middleware] Request to view=easypharma.views.sales.view method=GET path=/pos/edit/119/ user=pharmacy tenant=unique_med_pusad
2026-09-14 23:34:35,272 INFO [easypharma.middleware] Request to view=easypharma.views.sales.view method=GET path=/api/products/search/ user=pharmacy tenant=unique_med_pusad
2026-09-14 23:34:37,029 INFO [easypharma.middleware] Request to view=easypharma.views.utility.view method=GET path=/sw.js user=pharmacy tenant=unique_med_pusad
2026-09-14 23:34:41,635 INFO [easypharma.middleware] Request to view=easypharma.views.sales.view method=GET path=/pos/edit/119/ user=pharmacy tenant=unique_med_pusad
2026-09-14 23:34:43,333 INFO [easypharma.middleware] Request to view=easypharma.views.sales.view method=GET path=/pos/edit/119/ user=pharmacy tenant=unique_med_pusad
2026-09-14 23:34:43,608 INFO [easypharma.middleware] Request to view=easypharma.views.utility.view method=GET path=/sw.js user=pharmacy tenant=unique_med_pusad
2026-09-14 23:34:45,283 INFO [easypharma.middleware] Request to view=easypharma.views.utility.view method=GET path=/sw.js user=pharmacy tenant=unique_med_pusad
2026-09-14 23:34:49,266 INFO [easypharma.middleware] Request to view=easypharma.views.sales.view method=GET path=/pos/edit/119/ user=pharmacy tenant=unique_med_pusad
2026-09-14 23:34:49,419 INFO [easypharma.middleware] Request to view=easypharma.views.sales.view method=GET path=/pos/edit/119/ user=pharmacy tenant=unique_med_pusad
2026-09-14 23:34:49,589 INFO [easypharma.middleware] Request to view=easypharma.views.sales.view method=GET path=/pos/edit/119/ user=pharmacy tenant=unique_med_pusad
2026-09-14 23:34:49,743 INFO [easypharma.middleware] Request to view=easypharma.views.sales.view method=GET path=/pos/edit/119/ user=pharmacy tenant=unique_med_pusad
2026-09-14 23:34:50,098 INFO [easypharma.middleware] Request to view=easypharma.views.sales.view method=GET path=/api/products/search/ user=pharmacy tenant=unique_med_pusad
2026-09-14 23:34:52,612 INFO [easypharma.middleware] Request to view=easypharma.views.sales.view method=GET path=/api/products/search/ user=pharmacy tenant=unique_med_pusad
2026-09-14 23:34:58,467 INFO [easypharma.middleware] Request to view=easypharma.views.sales.view method=GET path=/pos/list/ user=pharmacy tenant=unique_med_pusad
2026-09-14 23:35:00,146 INFO [easypharma.middleware] Request to view=easypharma.views.utility.view method=GET path=/sw.js user=pharmacy tenant=unique_med_pusad
2026-09-14 23:35:58,604 INFO [easypharma.middleware] Request to view=easypharma.views.utility.view method=GET path=/sw.js user=pharmacy tenant=unique_med_pusad
2026-09-14 23:36:58,589 INFO [easypharma.middleware] Request to view=easypharma.views.utility.view method=GET path=/sw.js user=pharmacy tenant=unique_med_pusad
2026-09-14 23:37:33,071 INFO [easypharma.middleware] Request to view=easypharma.views.accounts.home_view method=GET path=/home user=pharmacy tenant=unique_med_pusad
2026-09-14 23:37:35,015 INFO [easypharma.middleware] Request to view=easypharma.views.utility.view method=GET path=/sw.js user=pharmacy tenant=unique_med_pusad
2026-09-14 23:37:35,186 INFO [easypharma.middleware] Request to view=easypharma.views.accounts.home_view method=GET path=/home user=pharmacy tenant=unique_med_pusad
2026-09-14 23:37:37,081 INFO [easypharma.middleware] Request to view=easypharma.views.utility.view method=GET path=/sw.js user=pharmacy tenant=unique_med_pusad
2026-09-14 23:37:40,247 INFO [easypharma.middleware] Request to view=easypharma.views.accounts.dashboard_stats_api method=GET path=/api/dashboard-stats/ user=pharmacy tenant=unique_med_pusad
2026-09-14 23:37:45,040 INFO [easypharma.middleware] Request to view=easypharma.views.sales.view method=GET path=/pos/ user=pharmacy tenant=unique_med_pusad
2026-09-14 23:37:45,357 INFO [easypharma.middleware] Request to view=easypharma.views.sales.view method=GET path=/api/products/search/ user=pharmacy tenant=unique_med_pusad
2026-09-14 23:37:47,266 INFO [easypharma.middleware] Request to view=easypharma.views.utility.view method=GET path=/sw.js user=pharmacy tenant=unique_med_pusad
2026-09-14 23:37:47,714 INFO [easypharma.middleware] Request to view=easypharma.views.accounts.home_view method=GET path=/home user=pharmacy tenant=unique_med_pusad
2026-09-14 23:37:49,510 INFO [easypharma.middleware] Request to view=easypharma.views.utility.view method=GET path=/sw.js user=pharmacy tenant=unique_med_pusad
2026-09-14 23:37:52,756 INFO [easypharma.middleware] Request to view=easypharma.views.accounts.dashboard_stats_api method=GET path=/api/dashboard-stats/ user=pharmacy tenant=unique_med_pusad
2026-09-14 23:37:56,251 INFO [easypharma.middleware] Request to view=easypharma.views.purchase.view method=GET path=/entry/ user=pharmacy tenant=unique_med_pusad
2026-09-14 23:37:57,084 INFO [easypharma.middleware] Request to view=easypharma.views.master.view method=GET path=/api/products/master-search/ user=pharmacy tenant=unique_med_pusad
2026-09-14 23:37:58,370 INFO [easypharma.middleware] Request to view=easypharma.views.purchase.view method=GET path=/entry/ user=pharmacy tenant=unique_med_pusad
2026-09-14 23:37:58,993 INFO [easypharma.middleware] Request to view=easypharma.views.utility.view method=GET path=/sw.js user=pharmacy tenant=unique_med_pusad
2026-09-14 23:38:00,431 INFO [easypharma.middleware] Request to view=easypharma.views.utility.view method=GET path=/sw.js user=pharmacy tenant=unique_med_pusad
2026-09-14 23:38:05,695 INFO [easypharma.middleware] Request to view=easypharma.views.accounts.home_view method=GET path=/home user=pharmacy tenant=unique_med_pusad
2026-09-14 23:38:07,573 INFO [easypharma.middleware] Request to view=easypharma.views.utility.view method=GET path=/sw.js user=pharmacy tenant=unique_med_pusad
2026-09-14 23:38:10,731 INFO [easypharma.middleware] Request to view=easypharma.views.accounts.dashboard_stats_api method=GET path=/api/dashboard-stats/ user=pharmacy tenant=unique_med_pusad
2026-09-14 23:38:41,604 INFO [easypharma.middleware] Request to view=easypharma.views.accounts.dashboard_stats_api method=GET path=/api/dashboard-stats/ user=pharmacy tenant=unique_med_pusad
2026-09-14 23:39:02,008 INFO [easypharma.middleware] Request to view=easypharma.views.master.view method=GET path=/type/pharmacy-link/ user=pharmacy tenant=unique_med_pusad
2026-09-14 23:39:03,745 INFO [easypharma.middleware] Request to view=easypharma.views.utility.view method=GET path=/sw.js user=pharmacy tenant=unique_med_pusad
2026-09-14 23:40:02,587 INFO [easypharma.middleware] Request to view=easypharma.views.utility.view method=GET path=/sw.js user=pharmacy tenant=unique_med_pusad
2026-09-14 23:40:45,369 INFO [easypharma.middleware] Request to view=easypharma.views.master.view method=GET path=/type/pharmacy-link/ user=pharmacy tenant=unique_med_pusad
2026-09-14 23:40:46,592 INFO [easypharma.middleware] Request to view=easypharma.views.master.view method=GET path=/type/pharmacy-link/ user=pharmacy tenant=unique_med_pusad
2026-09-14 23:40:47,068 INFO [easypharma.middleware] Request to view=easypharma.views.utility.view method=GET path=/sw.js user=pharmacy tenant=unique_med_pusad
2026-09-14 23:40:48,250 INFO [easypharma.middleware] Request to view=easypharma.views.utility.view method=GET path=/sw.js user=pharmacy tenant=unique_med_pusad
2026-09-14 23:41:27,760 INFO [easypharma.middleware] Request to view=easypharma.views.master.view method=GET path=/type/pharmacy-link/ user=pharmacy tenant=unique_med_pusad
2026-09-14 23:41:29,628 INFO [easypharma.middleware] Request to view=easypharma.views.utility.view method=GET path=/sw.js user=pharmacy tenant=unique_med_pusad
2026-09-14 23:42:15,169 INFO [easypharma.middleware] Request to view=easypharma.views.master.view method=GET path=/type/pharmacy-link/ user=pharmacy tenant=unique_med_pusad
2026-09-14 23:42:15,405 INFO [easypharma.middleware] Request to view=easypharma.views.master.view method=GET path=/type/pharmacy-link/ user=pharmacy tenant=unique_med_pusad
2026-09-14 23:42:32,532 INFO [easypharma.middleware] Request to view=easypharma.views.master.view method=PATCH path=/type/pharmacy-link/ user=pharmacy tenant=unique_med_pusad
2026-09-14 23:42:32,533 DEBUG [easypharma.middleware] Request body: {"id":2,"pharmacy_name":"Unique Medical Store and General store","phone":"9580121451","license_number":"DL21-242523, DL22-242524","gst_number":"27EPMQSA54PZ","address":"Dubewar layout, Dawa Bazar, Pusad"}
2026-09-14 23:43:16,590 INFO [easypharma.middleware] Request to view=easypharma.views.utility.view method=GET path=/sw.js user=pharmacy tenant=unique_med_pusad
2026-09-14 23:44:06,977 INFO [easypharma.middleware] Request to view=easypharma.views.master.view method=GET path=/type/pharmacy-link/ user=pharmacy tenant=unique_med_pusad
2026-09-14 23:44:08,110 INFO [easypharma.middleware] Request to view=easypharma.views.master.view method=GET path=/type/pharmacy-link/ user=pharmacy tenant=unique_med_pusad
2026-09-14 23:44:08,299 INFO [easypharma.middleware] Request to view=easypharma.views.master.view method=GET path=/type/pharmacy-link/ user=pharmacy tenant=unique_med_pusad
2026-09-14 23:44:08,510 INFO [easypharma.middleware] Request to view=easypharma.views.master.view method=GET path=/type/pharmacy-link/ user=pharmacy tenant=unique_med_pusad
2026-09-14 23:44:08,734 INFO [easypharma.middleware] Request to view=easypharma.views.utility.view method=GET path=/sw.js user=pharmacy tenant=unique_med_pusad
2026-09-14 23:44:10,147 INFO [easypharma.middleware] Request to view=easypharma.views.utility.view method=GET path=/sw.js user=pharmacy tenant=unique_med_pusad
2026-09-14 23:44:12,604 INFO [easypharma.middleware] Request to view=easypharma.views.master.view method=GET path=/type/pharmacy-link/ user=pharmacy tenant=unique_med_pusad
2026-09-14 23:44:12,774 INFO [easypharma.middleware] Request to view=easypharma.views.master.view method=GET path=/type/pharmacy-link/ user=pharmacy tenant=unique_med_pusad
2026-09-14 23:44:12,939 INFO [easypharma.middleware] Request to view=easypharma.views.master.view method=GET path=/type/pharmacy-link/ user=pharmacy tenant=unique_med_pusad
2026-09-14 23:44:13,081 INFO [easypharma.middleware] Request to view=easypharma.views.master.view method=GET path=/type/pharmacy-link/ user=pharmacy tenant=unique_med_pusad
2026-09-14 23:45:13,588 INFO [easypharma.middleware] Request to view=easypharma.views.utility.view method=GET path=/sw.js user=pharmacy tenant=unique_med_pusad
2026-09-14 23:46:13,587 INFO [easypharma.middleware] Request to view=easypharma.views.utility.view method=GET path=/sw.js user=pharmacy tenant=unique_med_pusad
2026-09-14 23:46:40,771 INFO [easypharma.middleware] Request to view=easypharma.views.master.view method=GET path=/type/pharmacy-link/ user=pharmacy tenant=unique_med_pusad
2026-09-14 23:46:40,956 INFO [easypharma.middleware] Request to view=easypharma.views.master.view method=GET path=/type/pharmacy-link/ user=pharmacy tenant=unique_med_pusad
2026-09-14 23:46:41,089 INFO [easypharma.middleware] Request to view=easypharma.views.master.view method=GET path=/type/pharmacy-link/ user=pharmacy tenant=unique_med_pusad
2026-09-14 23:46:49,455 INFO [easypharma.middleware] Request to view=easypharma.views.accounts.home_view method=GET path=/home user=pharmacy tenant=unique_med_pusad
2026-09-14 23:46:52,637 INFO [easypharma.middleware] Request to view=easypharma.views.utility.view method=GET path=/sw.js user=pharmacy tenant=unique_med_pusad
2026-09-14 23:46:54,657 INFO [easypharma.middleware] Request to view=easypharma.views.accounts.dashboard_stats_api method=GET path=/api/dashboard-stats/ user=pharmacy tenant=unique_med_pusad
2026-09-14 23:47:25,592 INFO [easypharma.middleware] Request to view=easypharma.views.accounts.dashboard_stats_api method=GET path=/api/dashboard-stats/ user=pharmacy tenant=unique_med_pusad
2026-09-14 23:47:50,608 INFO [easypharma.middleware] Request to view=easypharma.views.utility.view method=GET path=/sw.js user=pharmacy tenant=unique_med_pusad
2026-09-14 23:47:56,593 INFO [easypharma.middleware] Request to view=easypharma.views.accounts.dashboard_stats_api method=GET path=/api/dashboard-stats/ user=pharmacy tenant=unique_med_pusad
2026-09-14 23:48:27,597 INFO [easypharma.middleware] Request to view=easypharma.views.accounts.dashboard_stats_api method=GET path=/api/dashboard-stats/ user=pharmacy tenant=unique_med_pusad
2026-09-14 23:48:50,598 INFO [easypharma.middleware] Request to view=easypharma.views.utility.view method=GET path=/sw.js user=pharmacy tenant=unique_med_pusad
2026-09-14 23:48:58,595 INFO [easypharma.middleware] Request to view=easypharma.views.accounts.dashboard_stats_api method=GET path=/api/dashboard-stats/ user=pharmacy tenant=unique_med_pusad
2026-09-14 23:49:29,590 INFO [easypharma.middleware] Request to view=easypharma.views.accounts.dashboard_stats_api method=GET path=/api/dashboard-stats/ user=pharmacy tenant=unique_med_pusad
2026-09-14 23:49:50,599 INFO [easypharma.middleware] Request to view=easypharma.views.utility.view method=GET path=/sw.js user=pharmacy tenant=unique_med_pusad
2026-09-14 23:50:00,589 INFO [easypharma.middleware] Request to view=easypharma.views.accounts.dashboard_stats_api method=GET path=/api/dashboard-stats/ user=pharmacy tenant=unique_med_pusad
2026-09-14 23:50:32,601 INFO [easypharma.middleware] Request to view=easypharma.views.accounts.dashboard_stats_api method=GET path=/api/dashboard-stats/ user=pharmacy tenant=unique_med_pusad
2026-09-14 23:50:50,599 INFO [easypharma.middleware] Request to view=easypharma.views.utility.view method=GET path=/sw.js user=pharmacy tenant=unique_med_pusad
2026-09-14 23:51:32,597 INFO [easypharma.middleware] Request to view=easypharma.views.accounts.dashboard_stats_api method=GET path=/api/dashboard-stats/ user=pharmacy tenant=unique_med_pusad
2026-09-14 23:51:50,601 INFO [easypharma.middleware] Request to view=easypharma.views.utility.view method=GET path=/sw.js user=pharmacy tenant=unique_med_pusad
2026-09-14 23:52:32,611 INFO [easypharma.middleware] Request to view=easypharma.views.accounts.dashboard_stats_api method=GET path=/api/dashboard-stats/ user=pharmacy tenant=unique_med_pusad
2026-09-14 23:52:50,595 INFO [easypharma.middleware] Request to view=easypharma.views.utility.view method=GET path=/sw.js user=pharmacy tenant=unique_med_pusad
2026-09-14 23:53:32,606 INFO [easypharma.middleware] Request to view=easypharma.views.accounts.dashboard_stats_api method=GET path=/api/dashboard-stats/ user=pharmacy tenant=unique_med_pusad
2026-09-14 23:54:08,058 INFO [easypharma.middleware] Request to view=easypharma.views.utility.view method=GET path=/sw.js user=pharmacy tenant=unique_med_pusad
2026-09-14 23:54:08,085 INFO [easypharma.middleware] Request to view=easypharma.views.accounts.dashboard_stats_api method=GET path=/api/dashboard-stats/ user=pharmacy tenant=unique_med_pusad
2026-09-14 23:54:11,362 INFO [easypharma.middleware] Request to view=easypharma.views.master.view method=GET path=/type/pharmacy-link/ user=pharmacy tenant=unique_med_pusad
2026-09-14 23:54:13,332 INFO [easypharma.middleware] Request to view=easypharma.views.utility.view method=GET path=/sw.js user=pharmacy tenant=unique_med_pusad
2026-09-14 23:54:26,513 INFO [easypharma.middleware] Request to view=easypharma.views.accounting.view method=GET path=/accounting/supplier-outstanding/ user=pharmacy tenant=unique_med_pusad
2026-09-14 23:54:28,404 INFO [easypharma.middleware] Request to view=easypharma.views.utility.view method=GET path=/sw.js user=pharmacy tenant=unique_med_pusad
2026-09-14 23:54:29,681 INFO [easypharma.middleware] Request to view=easypharma.views.accounting.view method=GET path=/accounting/supplier-outstanding/ user=pharmacy tenant=unique_med_pusad
2026-09-14 23:54:31,485 INFO [easypharma.middleware] Request to view=easypharma.views.utility.view method=GET path=/sw.js user=pharmacy tenant=unique_med_pusad
2026-09-14 23:54:48,060 INFO [easypharma.middleware] Request to view=easypharma.views.accounting.view method=GET path=/accounting/supplier-outstanding/ user=pharmacy tenant=unique_med_pusad
2026-09-14 23:54:49,793 INFO [easypharma.middleware] Request to view=easypharma.views.utility.view method=GET path=/sw.js user=pharmacy tenant=unique_med_pusad
2026-09-14 23:55:06,691 INFO [easypharma.middleware] Request to view=easypharma.views.accounting.view method=GET path=/accounting/supplier-outstanding/ user=pharmacy tenant=unique_med_pusad
2026-09-14 23:55:08,413 INFO [easypharma.middleware] Request to view=easypharma.views.utility.view method=GET path=/sw.js user=pharmacy tenant=unique_med_pusad
2026-09-14 23:55:11,479 INFO [easypharma.middleware] Request to view=easypharma.views.utility.view method=GET path=/sw.js user=pharmacy tenant=unique_med_pusad
2026-09-14 23:55:13,639 INFO [easypharma.middleware] Request to view=easypharma.views.master.view method=GET path=/type/pharmacy-link/ user=pharmacy tenant=unique_med_pusad
2026-09-14 23:55:15,644 INFO [easypharma.middleware] Request to view=easypharma.views.utility.view method=GET path=/sw.js user=pharmacy tenant=unique_med_pusad
2026-09-14 23:56:14,591 INFO [easypharma.middleware] Request to view=easypharma.views.utility.view method=GET path=/sw.js user=pharmacy tenant=unique_med_pusad
2026-09-14 23:57:14,592 INFO [easypharma.middleware] Request to view=easypharma.views.utility.view method=GET path=/sw.js user=pharmacy tenant=unique_med_pusad
2026-09-14 23:58:14,606 INFO [easypharma.middleware] Request to view=easypharma.views.utility.view method=GET path=/sw.js user=pharmacy tenant=unique_med_pusad
2026-09-14 23:59:14,586 INFO [easypharma.middleware] Request to view=easypharma.views.utility.view method=GET path=/sw.js user=pharmacy tenant=unique_med_pusad
